MPLINK 4.22, Linker
Linker Map File - Created Fri Jan 12 00:47:20 2018

                                 Section Info
                  Section       Type    Address   Location Size(Bytes)
                ---------  ---------  ---------  ---------  ---------
               _entry_scn       code   0x000000    program   0x000006
               highVector       code   0x000008    program   0x000006
                lowVector       code   0x000018    program   0x000006
                   .cinit    romdata   0x00002a    program   0x000092
              .code_TCP.o       code   0x0000bc    program   0x003d4e
            .code_HTTP2.o       code   0x003e0a    program   0x00243a
          .code_oled_c2.o       code   0x006244    program   0x0021d0
   .code_HTTPGetDevInfo.o       code   0x008414    program   0x001a2e
            .code_MPFS2.o       code   0x009e42    program   0x000f12
        .code_HTTPPrint.o       code   0x00ad54    program   0x000ede
             .code_util.o       code   0x00bc32    program   0x000dfe
          .code_Helpers.o       code   0x00ca30    program   0x000d78
         .code_vfprintf.o       code   0x00d7a8    program   0x000c22
             .stringtable    romdata   0x00e3ca    program   0x000bf7
       .idata_SNMPApp.o_i    romdata   0x00efc1    program   0x000000
          .romdata_util.o    romdata   0x00efc1    program   0x000000
          .romdata_SNMP.o    romdata   0x00efc1    program   0x000000
   .idata_internalADC.o_i    romdata   0x00efc1    program   0x000000
          .idata_putc.o_i    romdata   0x00efc1    program   0x000000
          .romdata_putc.o    romdata   0x00efc1    program   0x000000
           .idata_ISR.o_i    romdata   0x00efc1    program   0x000001
        .romdata_devadc.o    romdata   0x00efc1    program   0x000000
        .idata_devspi.o_i    romdata   0x00efc1    program   0x000000
      .idata_SPIFlash.o_i    romdata   0x00efc1    program   0x000000
     .romdata_SPIEEPROM.o    romdata   0x00efc1    program   0x000000
         .romdata_MPFS2.o    romdata   0x00efc1    program   0x000000
         .idata_MPFS2.o_i    romdata   0x00efc1    program   0x000000
    .romdata__user_putc.o    romdata   0x00efc1    program   0x000000
      .idata_vfprintf.o_i    romdata   0x00efc1    program   0x000000
        .idata___init.o_i    romdata   0x00efc1    program   0x000000
       .romdata_adcopen.o    romdata   0x00efc1    program   0x000000
       .idata_fxm3232.o_i    romdata   0x00efc1    program   0x000000
      .romdata_fxd3232u.o    romdata   0x00efc1    program   0x000000
      .idata_fxd1616u.o_i    romdata   0x00efc1    program   0x000000
      .romdata_fxd0808u.o    romdata   0x00efc1    program   0x000000
      .idata_adcclose.o_i    romdata   0x00efc1    program   0x000000
          .romdata_Main.o    romdata   0x00efc1    program   0x000000
.romdata_HTTPGetDevInfo.o    romdata   0x00efc1    program   0x000000
        .romdata_i2c_c1.o    romdata   0x00efc1    program   0x000000
     .romdata_VOLDC_c1 .o    romdata   0x00efc1    program   0x000000
.idata_UpConverter_c1.o_i    romdata   0x00efc1    program   0x000000
.idata_MainControl_c1.o_i    romdata   0x00efc1    program   0x000000
   .idata_SNMPSysInfo.o_i    romdata   0x00efc1    program   0x000000
.romdata_SNMPLLiBUCStatus.o    romdata   0x00efc1    program   0x000000
  .idata_SNMPLLiBUCOp.o_i    romdata   0x00efc1    program   0x000000
.romdata_SNMPLLiBUCDevInfo.o    romdata   0x00efc1    program   0x000000
        .idata_c018iz.o_i    romdata   0x00efc1    program   0x000000
      .romdata_StackTsk.o    romdata   0x00efc1    program   0x000000
           .romdata_UDP.o    romdata   0x00efc1    program   0x000000
          .romdata_DHCP.o    romdata   0x00efc1    program   0x000000
      .romdata_ETH97J60.o    romdata   0x00efc1    program   0x000000
            .romdata_IP.o    romdata   0x00efc1    program   0x000000
         .romdata_Delay.o    romdata   0x00efc1    program   0x000000
       .romdata_Helpers.o    romdata   0x00efc1    program   0x000000
          .idata_UART.o_i    romdata   0x00efc1    program   0x000000
          .romdata_UART.o    romdata   0x00efc1    program   0x000000
         .code_ETH97J60.o       code   0x00efc2    program   0x000bb2
       .romdata_oled_c2.o    romdata   0x00fb74    program   0x000a64
                     PROG       code   0x0105d8    program   0x000714
          .code_oled_c1.o       code   0x010cec    program   0x0006e4
          .code_HTTPApp.o       code   0x0113d0    program   0x0006e2
   .code_UpConverter_c1.o       code   0x011ab2    program   0x000602
 .code_DownConverter_c1.o       code   0x0120b4    program   0x0005f4
              .code_ARP.o       code   0x0126a8    program   0x000494
                   STRING       code   0x012b3c    program   0x00046c
   .code_MainControl_c1.o       code   0x012fa8    program   0x0003f6
   .code_Initialization.o       code   0x01339e    program   0x000382
        .code_VOLDC_c1 .o       code   0x013720    program   0x00034e
             .code_Main.o       code   0x013a6e    program   0x000346
               .code_IP.o       code   0x013db4    program   0x00032e
        .code_SPIEEPROM.o       code   0x0140e2    program   0x0002fa
           .code_i2c_c1.o       code   0x0143dc    program   0x0002f6
      .code_internalADC.o       code   0x0146d2    program   0x000252
         .code_StackTsk.o       code   0x014924    program   0x0001e4
           .code_devadc.o       code   0x014b08    program   0x0001de
              .code_ISR.o       code   0x014ce6    program   0x0001b8
                   STDLIB       code   0x014e9e    program   0x000192
             .code_ICMP.o       code   0x015030    program   0x00014a
             .code_Tick.o       code   0x01517a    program   0x000122
             .code_UART.o       code   0x01529c    program   0x0000e6
          .code_sprintf.o       code   0x015382    program   0x0000ac
               _cinit_scn       code   0x01542e    program   0x00009e
           .code_devspi.o       code   0x0154cc    program   0x000086
             .code_putc.o       code   0x015552    program   0x000084
         .romdata_HTTP2.o    romdata   0x0155d6    program   0x00007e
          .code_fxm3232.o       code   0x015654    program   0x000070
          .code_adcopen.o       code   0x0156c4    program   0x00006e
         .code_fxd3232u.o       code   0x015732    program   0x000048
         .code_fxd1616u.o       code   0x01577a    program   0x00002c
                    CTYPE       code   0x0157a6    program   0x000024
           .romdata_TCP.o    romdata   0x0157ca    program   0x000024
             _startup_scn       code   0x0157ee    program   0x000020
              D1KTCYXCODE       code   0x01580e    program   0x000020
   .code_UART2TCPBridge.o       code   0x01582e    program   0x00001e
                    STDIO       code   0x01584c    program   0x00001c
         .code_fxd0808u.o       code   0x015868    program   0x00001c
              D10TCYXCODE       code   0x015884    program   0x000016
      .romdata_vfprintf.o    romdata   0x01589a    program   0x000011
       .romdata_oled_c1.o    romdata   0x0158ab    program   0x000010
     .romdata_HTTPPrint.o    romdata   0x0158bb    program   0x000000
     .idata_HTTPPrint.o_i    romdata   0x0158bb    program   0x000000
           .idata_UDP.o_i    romdata   0x0158bb    program   0x000000
         .idata_HTTP2.o_i    romdata   0x0158bb    program   0x000000
      .romdata_adcclose.o    romdata   0x0158bb    program   0x000000
         .romdata_DHCPs.o    romdata   0x0158bb    program   0x000000
      .idata_fxd0808u.o_i    romdata   0x0158bb    program   0x000000
      .idata_StackTsk.o_i    romdata   0x0158bb    program   0x000000
      .romdata_fxd1616u.o    romdata   0x0158bb    program   0x000000
      .idata_fxd3232u.o_i    romdata   0x0158bb    program   0x000000
      .romdata_MPFSImg2.o    romdata   0x0158bb    program   0x000000
      .idata_MPFSImg2.o_i    romdata   0x0158bb    program   0x000000
       .romdata_fxm3232.o    romdata   0x0158bb    program   0x000000
       .idata_adcopen.o_i    romdata   0x0158bb    program   0x000000
        .romdata___init.o    romdata   0x0158bb    program   0x000000
       .idata_sprintf.o_i    romdata   0x0158bb    program   0x000000
       .romdata_sprintf.o    romdata   0x0158bb    program   0x000000
.idata_Initialization.o_i    romdata   0x0158bb    program   0x000000
    .idata__user_putc.o_i    romdata   0x0158bb    program   0x000000
        .romdata_c018iz.o    romdata   0x0158bb    program   0x000000
         .idata_DHCPs.o_i    romdata   0x0158bb    program   0x000000
   .romdata_SNMPSysInfo.o    romdata   0x0158bb    program   0x000000
      .idata_ETH97J60.o_i    romdata   0x0158bb    program   0x000000
.idata_SNMPLLiBUCStatus.o_i    romdata   0x0158bb    program   0x000000
  .romdata_SNMPLLiBUCOp.o    romdata   0x0158bb    program   0x000000
          .idata_ICMP.o_i    romdata   0x0158bb    program   0x000000
.idata_SNMPLLiBUCDevInfo.o_i    romdata   0x0158bb    program   0x000000
       .romdata_SNMPApp.o    romdata   0x0158bb    program   0x000000
          .romdata_ICMP.o    romdata   0x0158bb    program   0x000000
       .romdata_HTTPApp.o    romdata   0x0158bb    program   0x000000
         .idata_Delay.o_i    romdata   0x0158bb    program   0x000000
     .idata_SPIEEPROM.o_i    romdata   0x0158bb    program   0x000000
          .idata_SNMP.o_i    romdata   0x0158bb    program   0x000000
.romdata_UART2TCPBridge.o    romdata   0x0158bb    program   0x000000
   .romdata_internalADC.o    romdata   0x0158bb    program   0x000000
       .idata_Helpers.o_i    romdata   0x0158bb    program   0x000000
          .romdata_Tick.o    romdata   0x0158bb    program   0x000000
           .romdata_ISR.o    romdata   0x0158bb    program   0x000000
        .idata_devadc.o_i    romdata   0x0158bb    program   0x000000
        .romdata_devspi.o    romdata   0x0158bb    program   0x000000
      .romdata_SPIFlash.o    romdata   0x0158bb    program   0x000000
       .idata_oled_c1.o_i    romdata   0x0158bb    program   0x000000
        .idata_i2c_c1.o_i    romdata   0x0158bb    program   0x000000
           .idata_ARP.o_i    romdata   0x0158bb    program   0x000001
     .idata_VOLDC_c1 .o_i    romdata   0x0158bb    program   0x000000
          .idata_DHCP.o_i    romdata   0x0158bb    program   0x000000
.romdata_UpConverter_c1.o    romdata   0x0158bb    program   0x000000
           .romdata_ARP.o    romdata   0x0158bb    program   0x000000
.romdata_MainControl_c1.o    romdata   0x0158bb    program   0x000000
.romdata_DownConverter_c1.o    romdata   0x0158bb    program   0x000000
.idata_DownConverter_c1.o_i    romdata   0x0158bb    program   0x000000
                    .code       code   0x0158bc    program   0x00000e
.romdata_Initialization.o    romdata   0x0158ca    program   0x000006
         .code_adcclose.o       code   0x0158d0    program   0x000006
       .code__user_putc.o       code   0x0158d6    program   0x000002
           .code___init.o       code   0x0158d8    program   0x000002
              SEED_DATA_i    romdata   0x0158da    program   0x000002
          .idata_util.o_i    romdata   0x0158dc    program   0x000004
       .idata_oled_c2.o_i    romdata   0x0158e0    program   0x0000c4
.idata_UART2TCPBridge.o_i    romdata   0x0159a4    program   0x000008
          .idata_Tick.o_i    romdata   0x0159ac    program   0x000004
           .idata_TCP.o_i    romdata   0x0159b0    program   0x000002
          .idata_Main.o_i    romdata   0x0159b2    program   0x000017
            .idata_IP.o_i    romdata   0x0159c9    program   0x000002
.idata_HTTPGetDevInfo.o_i    romdata   0x0159cb    program   0x000002
       .idata_HTTPApp.o_i    romdata   0x0159cd    program   0x000002
         .code_SPIFlash.o       code   0x0159d0    program   0x000000
              .code_UDP.o       code   0x0159d0    program   0x000000
             .code_DHCP.o       code   0x0159d0    program   0x000000
           .code_c018iz.o       code   0x0159d0    program   0x000000
.code_SNMPLLiBUCDevInfo.o       code   0x0159d0    program   0x000000
      .code_SNMPSysInfo.o       code   0x0159d0    program   0x000000
            .code_Delay.o       code   0x0159d0    program   0x000000
            .code_DHCPs.o       code   0x0159d0    program   0x000000
         .code_MPFSImg2.o       code   0x0159d0    program   0x000000
 .code_SNMPLLiBUCStatus.o       code   0x0159d0    program   0x000000
             .code_SNMP.o       code   0x0159d0    program   0x000000
          .code_SNMPApp.o       code   0x0159d0    program   0x000000
     .code_SNMPLLiBUCOp.o       code   0x0159d0    program   0x000000
     .config_1fff8_Main.o    romdata   0x01fff8    program   0x000001
     .config_1fffa_Main.o    romdata   0x01fffa    program   0x000001
     .config_1fffd_Main.o    romdata   0x01fffd    program   0x000001
                MATH_DATA      udata   0x000000       data   0x000014
                 .tmpdata      udata   0x000014       data   0x000011
                DELAYDAT1      udata   0x000025       data   0x000001
                     gpr8      udata   0x000060       data   0x000090
          .udata_i2c_c1.o      udata   0x0000f0       data   0x000010
         .idata_oled_c2.o      idata   0x000100       data   0x0000c4
       SYN_QUEUE_RAM_SECT      udata   0x0001c4       data   0x00003c
                    grp10      udata   0x000200       data   0x0000ac
  .udata_UART2TCPBridge.o      udata   0x0002ac       data   0x000052
                SEED_DATA      idata   0x0002fe       data   0x000002
                 TCB_uRAM      udata   0x000300       data   0x0000a8
            .udata_Main.o      udata   0x0003a8       data   0x000057
         .udata_oled_c1.o      udata   0x0003ff       data   0x000001
   HTTP_CONNECTION_STATES      udata   0x000400       data   0x000084
           .udata_MPFS2.o      udata   0x000484       data   0x00006f
         .udata_HTTPApp.o      udata   0x0004f3       data   0x00000d
  .udata_HTTPGetDevInfo.o      udata   0x000500       data   0x00003c
       .udata_SPIEEPROM.o      udata   0x00053c       data   0x000025
            .idata_Main.o      idata   0x000561       data   0x000017
             .udata_ARP.o      udata   0x000578       data   0x000014
        .udata_StackTsk.o      udata   0x00058c       data   0x00000b
                    grp17      udata   0x000597       data   0x00000a
          .udata_c018iz.o      udata   0x0005a1       data   0x00000a
  .idata_UART2TCPBridge.o      idata   0x0005ab       data   0x000008
        .udata_ETH97J60.o      udata   0x0005b3       data   0x000007
.udata_SNMPLLiBUCDevInfo.o      udata   0x0005ba       data   0x000005
  .udata_Initialization.o      udata   0x0005bf       data   0x000004
         .udata_Helpers.o      udata   0x0005c3       data   0x000004
            .idata_util.o      idata   0x0005c7       data   0x000004
            .idata_Tick.o      idata   0x0005cb       data   0x000004
            .udata_util.o      udata   0x0005cf       data   0x000003
              .idata_IP.o      idata   0x0005d2       data   0x000002
  .idata_HTTPGetDevInfo.o      idata   0x0005d4       data   0x000002
         .idata_HTTPApp.o      idata   0x0005d6       data   0x000002
              .udata_IP.o      udata   0x0005d8       data   0x000001
             .idata_ISR.o      idata   0x0005d9       data   0x000001
             .idata_ARP.o      idata   0x0005da       data   0x000001
     .idata_SNMPSysInfo.o      idata   0x0005db       data   0x000000
.udata_DownConverter_c1.o      udata   0x0005db       data   0x000000
.idata_DownConverter_c1.o      idata   0x0005db       data   0x000000
  .udata_MainControl_c1.o      udata   0x0005db       data   0x000000
  .idata_MainControl_c1.o      idata   0x0005db       data   0x000000
  .udata_UpConverter_c1.o      udata   0x0005db       data   0x000000
  .idata_UpConverter_c1.o      idata   0x0005db       data   0x000000
         .idata_oled_c1.o      idata   0x0005db       data   0x000000
       .udata_VOLDC_c1 .o      udata   0x0005db       data   0x000000
          .idata_i2c_c1.o      idata   0x0005db       data   0x000000
       .idata_VOLDC_c1 .o      idata   0x0005db       data   0x000000
      .idata__user_putc.o      idata   0x0005db       data   0x000000
      .udata__user_putc.o      udata   0x0005db       data   0x000000
            .idata_putc.o      idata   0x0005db       data   0x000000
            .udata_putc.o      udata   0x0005db       data   0x000000
        .idata_vfprintf.o      idata   0x0005db       data   0x000000
        .udata_vfprintf.o      udata   0x0005db       data   0x000000
         .idata_sprintf.o      idata   0x0005db       data   0x000000
         .udata_sprintf.o      udata   0x0005db       data   0x000000
          .idata___init.o      idata   0x0005db       data   0x000000
          .udata___init.o      udata   0x0005db       data   0x000000
         .idata_adcopen.o      idata   0x0005db       data   0x000000
         .udata_adcopen.o      udata   0x0005db       data   0x000000
         .idata_fxm3232.o      idata   0x0005db       data   0x000000
         .udata_fxm3232.o      udata   0x0005db       data   0x000000
        .idata_fxd3232u.o      idata   0x0005db       data   0x000000
        .udata_fxd3232u.o      udata   0x0005db       data   0x000000
        .idata_fxd1616u.o      idata   0x0005db       data   0x000000
        .udata_fxd1616u.o      udata   0x0005db       data   0x000000
        .idata_fxd0808u.o      idata   0x0005db       data   0x000000
        .udata_fxd0808u.o      udata   0x0005db       data   0x000000
        .idata_adcclose.o      idata   0x0005db       data   0x000000
        .udata_adcclose.o      udata   0x0005db       data   0x000000
       .idata_HTTPPrint.o      idata   0x0005db       data   0x000000
            .idata_ICMP.o      idata   0x0005db       data   0x000000
  .idata_Initialization.o      idata   0x0005db       data   0x000000
        .udata_MPFSImg2.o      udata   0x0005db       data   0x000000
        .idata_MPFSImg2.o      idata   0x0005db       data   0x000000
        .idata_StackTsk.o      idata   0x0005db       data   0x000000
             .udata_UDP.o      udata   0x0005db       data   0x000000
             .idata_UDP.o      idata   0x0005db       data   0x000000
        .idata_ETH97J60.o      idata   0x0005db       data   0x000000
           .udata_Delay.o      udata   0x0005db       data   0x000000
           .idata_Delay.o      idata   0x0005db       data   0x000000
         .idata_Helpers.o      idata   0x0005db       data   0x000000
            .udata_UART.o      udata   0x0005db       data   0x000000
            .idata_UART.o      idata   0x0005db       data   0x000000
            .udata_DHCP.o      udata   0x0005db       data   0x000000
            .idata_DHCP.o      idata   0x0005db       data   0x000000
           .udata_DHCPs.o      udata   0x0005db       data   0x000000
           .idata_DHCPs.o      idata   0x0005db       data   0x000000
           .udata_HTTP2.o      udata   0x0005db       data   0x000000
           .idata_HTTP2.o      idata   0x0005db       data   0x000000
            .udata_ICMP.o      udata   0x0005db       data   0x000000
           .idata_MPFS2.o      idata   0x0005db       data   0x000000
     .udata_SNMPSysInfo.o      udata   0x0005db       data   0x000000
.idata_SNMPLLiBUCStatus.o      idata   0x0005db       data   0x000000
.udata_SNMPLLiBUCStatus.o      udata   0x0005db       data   0x000000
    .idata_SNMPLLiBUCOp.o      idata   0x0005db       data   0x000000
    .udata_SNMPLLiBUCOp.o      udata   0x0005db       data   0x000000
.idata_SNMPLLiBUCDevInfo.o      idata   0x0005db       data   0x000000
         .idata_SNMPApp.o      idata   0x0005db       data   0x000000
         .udata_SNMPApp.o      udata   0x0005db       data   0x000000
            .idata_SNMP.o      idata   0x0005db       data   0x000000
            .udata_SNMP.o      udata   0x0005db       data   0x000000
     .idata_internalADC.o      idata   0x0005db       data   0x000000
     .udata_internalADC.o      udata   0x0005db       data   0x000000
             .udata_ISR.o      udata   0x0005db       data   0x000000
          .idata_devadc.o      idata   0x0005db       data   0x000000
          .udata_devadc.o      udata   0x0005db       data   0x000000
          .idata_devspi.o      idata   0x0005db       data   0x000000
          .udata_devspi.o      udata   0x0005db       data   0x000000
        .idata_SPIFlash.o      idata   0x0005db       data   0x000000
          .idata_c018iz.o      idata   0x0005db       data   0x000000
        .udata_SPIFlash.o      udata   0x0005db       data   0x000000
       .idata_SPIEEPROM.o      idata   0x0005db       data   0x000000
                   .stack      udata   0x000c00       data   0x000200
         .udata_oled_c2.o      udata   0x000e00       data   0x000047
                     grp5      udata   0x000e47       data   0x000033
            .udata_Tick.o      udata   0x000e7a       data   0x000006
              SFR_BANKED0      udata   0x000e80       data   0x000006
              SFR_BANKED1      udata   0x000e8a       data   0x000001
              SFR_BANKED2      udata   0x000e97       data   0x000003
              SFR_BANKED3      udata   0x000ea0       data   0x000001
              SFR_BANKED4      udata   0x000ea2       data   0x000003
              SFR_BANKED5      udata   0x000ea6       data   0x000002
              SFR_BANKED6      udata   0x000eaa       data   0x000002
              SFR_BANKED7      udata   0x000eb2       data   0x000001
              SFR_BANKED8      udata   0x000eb4       data   0x000001
              SFR_BANKED9      udata   0x000eb6       data   0x000004
             SFR_BANKED10      udata   0x000ec0       data   0x000012
             SFR_BANKED11      udata   0x000ed4       data   0x000002
             SFR_BANKED12      udata   0x000ed8       data   0x000002
             SFR_BANKED13      udata   0x000ee2       data   0x000016
             SFR_BANKED14      udata   0x000efb       data   0x000001
             SFR_BANKED15      udata   0x000efd       data   0x000002
             .udata_TCP.o      udata   0x000f00       data   0x00004f
       .udata_HTTPPrint.o      udata   0x000f4f       data   0x00000f
             .idata_TCP.o      idata   0x000f5e       data   0x000002
            SFR_UNBANKED0      udata   0x000f60       data   0x0000a0



                              Program Memory Usage 
                               Start         End      
                           ---------   ---------      
                            0x000000    0x000005      
                            0x000008    0x00000d      
                            0x000018    0x00001d      
                            0x00002a    0x0159ce      
                            0x01fff8    0x01fff8      
                            0x01fffa    0x01fffa      
                            0x01fffd    0x01fffd      
            88506 out of 131072 program addresses used, program memory utilization is 67%



                              Symbols - Sorted by Name
                     Name    Address   Location    Storage File                     
                ---------  ---------  ---------  --------- ---------                
                ADC_Value   0x0147ea    program     extern D:\Work\Singcom\70M\70M_1213\work\Drivers\MCU-Internal\internalADC.c
                  AD_init   0x0146d2    program     extern D:\Work\Singcom\70M\70M_1213\work\Drivers\MCU-Internal\internalADC.c
                  ARPInit   0x012770    program     extern D:\Work\Singcom\70M\70M_1213\work\Microchip\TCPIP Stack\ARP.c
            ARPIsResolved   0x0129c8    program     extern D:\Work\Singcom\70M\70M_1213\work\Microchip\TCPIP Stack\ARP.c
               ARPProcess   0x012788    program     extern D:\Work\Singcom\70M\70M_1213\work\Microchip\TCPIP Stack\ARP.c
                   ARPPut   0x0126a8    program     static D:\Work\Singcom\70M\70M_1213\work\Microchip\TCPIP Stack\ARP.c
               ARPResolve   0x01291e    program     extern D:\Work\Singcom\70M\70M_1213\work\Microchip\TCPIP Stack\ARP.c
                ASC2toHEX   0x00c282    program     extern D:\Work\Singcom\70M\70M_1213\work\SysLib\util.c
             Base64Decode   0x00cf04    program     extern D:\Work\Singcom\70M\70M_1213\work\Microchip\TCPIP Stack\Helpers.c
                BusyUSART   0x01529c    program     extern D:\Work\Singcom\70M\70M_1213\work\Microchip\TCPIP Stack\UART.c
               BusyUSART2   0x0152f4    program     extern D:\Work\Singcom\70M\70M_1213\work\Microchip\TCPIP Stack\UART.c
                    CGRAM   0x0158ab    program     extern D:\Work\Singcom\70M\70M_1213\work\Drivers\External-Peripherals\oled_c1.c
     CalcIPBufferChecksum   0x00f502    program     extern D:\Work\Singcom\70M\70M_1213\work\Microchip\TCPIP Stack\ETH97J60.c
           CalcIPChecksum   0x00d33c    program     extern D:\Work\Singcom\70M\70M_1213\work\Microchip\TCPIP Stack\Helpers.c
                CheckBusy   0x010d2c    program     extern D:\Work\Singcom\70M\70M_1213\work\Drivers\External-Peripherals\oled_c1.c
                 CloseADC   0x0158d0    program     extern C:\MCC18\src\pmc_common\ADC\adcclose.c
              CloseSocket   0x001f18    program     static D:\Work\Singcom\70M\70M_1213\work\Microchip\TCPIP Stack\TCP.c
               CloseUSART   0x0152a8    program     extern D:\Work\Singcom\70M\70M_1213\work\Microchip\TCPIP Stack\UART.c
              CloseUSART2   0x015300    program     extern D:\Work\Singcom\70M\70M_1213\work\Microchip\TCPIP Stack\UART.c
                    D10_1   0x015894    program     static C:\Program Files\mcc18\src\traditional\delays\d10tcyx.asm
                     D10x   0x01588c    program     static C:\Program Files\mcc18\src\traditional\delays\d10tcyx.asm
                   D1616S   0x0108f4    program     static C:\Program Files\mcc18\src\traditional\math\fxd1616s.asm
                D1616SNEG   0x010902    program     static C:\Program Files\mcc18\src\traditional\math\fxd1616s.asm
                 D1616SOK   0x0108fe    program     static C:\Program Files\mcc18\src\traditional\math\fxd1616s.asm
                  D1616SX   0x010914    program     static C:\Program Files\mcc18\src\traditional\math\fxd1616s.asm
                    D1K_1   0x01581a    program     static C:\Program Files\mcc18\src\traditional\delays\d1ktcyx.asm
                     D1Kx   0x015818    program     static C:\Program Files\mcc18\src\traditional\delays\d1ktcyx.asm
                  DA1616S   0x0108e4    program     static C:\Program Files\mcc18\src\traditional\math\fxd1616s.asm
          DRI__vConfigSPI   0x013a7c    program     static D:\Work\Singcom\70M\70M_1213\work\Main\Main.c
    DRI__vEnableGlobalInt   0x013a72    program     static D:\Work\Singcom\70M\70M_1213\work\Main\Main.c
        DRI__vHitWatchDog   0x013a6e    program     static D:\Work\Singcom\70M\70M_1213\work\Main\Main.c
            DRI_vLCDClear   0x010ec0    program     extern D:\Work\Singcom\70M\70M_1213\work\Drivers\External-Peripherals\oled_c1.c
          DRI_vLCDDisplay   0x010ecc    program     extern D:\Work\Singcom\70M\70M_1213\work\Drivers\External-Peripherals\oled_c1.c
        DRI_vLCDEntryMode   0x010ec8    program     extern D:\Work\Singcom\70M\70M_1213\work\Drivers\External-Peripherals\oled_c1.c
       DRI_vLCDReturnhome   0x010ec4    program     extern D:\Work\Singcom\70M\70M_1213\work\Drivers\External-Peripherals\oled_c1.c
          DRI_vPrintCGRAM   0x010e6a    program     extern D:\Work\Singcom\70M\70M_1213\work\Drivers\External-Peripherals\oled_c1.c
             DataRdyUSART   0x0152b4    program     extern D:\Work\Singcom\70M\70M_1213\work\Microchip\TCPIP Stack\UART.c
            DataRdyUSART2   0x01530c    program     extern D:\Work\Singcom\70M\70M_1213\work\Microchip\TCPIP Stack\UART.c
              Delay10TCYx   0x015884    program     extern C:\Program Files\mcc18\src\traditional\delays\d10tcyx.asm
              Delay1KTCYx   0x01580e    program     extern C:\Program Files\mcc18\src\traditional\delays\d1ktcyx.asm
                  DelayMS   0x00c342    program     extern D:\Work\Singcom\70M\70M_1213\work\SysLib\util.c
       DisplayCompanyMenu   0x006244    program     extern D:\Work\Singcom\70M\70M_1213\work\Drivers\External-Peripherals\oled_c2.c
           DisplayIPValue   0x00c5be    program     extern D:\Work\Singcom\70M\70M_1213\work\SysLib\util.c
                  DoWrite   0x01426e    program     static D:\Work\Singcom\70M\70M_1213\work\Microchip\TCPIP Stack\SPIEEPROM.c
        DownCvt_vPrintALC   0x01214e    program     extern D:\Work\Singcom\70M\70M_1213\work\Devices\DownConverter_c1.c
       DownCvt_vPrintAttn   0x012134    program     extern D:\Work\Singcom\70M\70M_1213\work\Devices\DownConverter_c1.c
       DownCvt_vPrintFreq   0x0120b4    program     extern D:\Work\Singcom\70M\70M_1213\work\Devices\DownConverter_c1.c
         DownCvt_vPrintLo   0x012102    program     extern D:\Work\Singcom\70M\70M_1213\work\Devices\DownConverter_c1.c
       DownCvt_vPrintMute   0x012168    program     extern D:\Work\Singcom\70M\70M_1213\work\Devices\DownConverter_c1.c
      DownCvt_vPrintPower   0x0120ce    program     extern D:\Work\Singcom\70M\70M_1213\work\Devices\DownConverter_c1.c
      DownCvt_vPrintStPwr   0x0120e8    program     extern D:\Work\Singcom\70M\70M_1213\work\Devices\DownConverter_c1.c
         DownCvt_vSendI2C   0x0121ac    program     extern D:\Work\Singcom\70M\70M_1213\work\Devices\DownConverter_c1.c
          DownCvt_vSetALC   0x012520    program     extern D:\Work\Singcom\70M\70M_1213\work\Devices\DownConverter_c1.c
         DownCvt_vSetAttn   0x0122f0    program     extern D:\Work\Singcom\70M\70M_1213\work\Devices\DownConverter_c1.c
         DownCvt_vSetFreq   0x0121be    program     extern D:\Work\Singcom\70M\70M_1213\work\Devices\DownConverter_c1.c
         DownCvt_vSetMute   0x012568    program     extern D:\Work\Singcom\70M\70M_1213\work\Devices\DownConverter_c1.c
        DownCvt_vSetPower   0x0123e0    program     extern D:\Work\Singcom\70M\70M_1213\work\Devices\DownConverter_c1.c
        DownCvt_vSetStPwr   0x0123e2    program     extern D:\Work\Singcom\70M\70M_1213\work\Devices\DownConverter_c1.c
                 FLO0832S   0x0105dc    program     extern C:\Program Files\mcc18\src\traditional\math\cast08FP.asm
                 FLO0832U   0x0105d8    program     extern C:\Program Files\mcc18\src\traditional\math\cast08FP.asm
                 FLO1632S   0x0105fe    program     extern C:\Program Files\mcc18\src\traditional\math\cast16FP.asm
                 FLO1632U   0x0105fa    program     extern C:\Program Files\mcc18\src\traditional\math\cast16FP.asm
                    FPA32   0x010626    program     extern C:\Program Files\mcc18\src\traditional\math\addFP.asm
                    FPD32   0x010752    program     extern C:\Program Files\mcc18\src\traditional\math\divFP.asm
                    FPM32   0x0107f8    program     extern C:\Program Files\mcc18\src\traditional\math\mulFP.asm
                    FPS32   0x010624    program     extern C:\Program Files\mcc18\src\traditional\math\addFP.asm
                 FXD0808U   0x015868    program     extern C:\Program Files\mcc18\src\traditional\math\fxd0808u.c
                 FXD1616S   0x0108d2    program     extern C:\Program Files\mcc18\src\traditional\math\fxd1616s.asm
                 FXD1616U   0x01577a    program     extern C:\Program Files\mcc18\src\traditional\math\fxd1616u.c
                 FXD3232U   0x015732    program     extern C:\Program Files\mcc18\src\traditional\math\fxd3232u.c
                 FXM1616S   0x01091e    program     extern C:\Program Files\mcc18\src\traditional\math\fxm1616s.asm
                 FXM1616U   0x010978    program     extern C:\Program Files\mcc18\src\traditional\math\fxm1616u.asm
                 FXM2424U   0x0109b4    program     extern C:\Program Files\mcc18\src\traditional\math\fxm2424u.asm
                  FXM3232   0x015654    program     extern C:\Program Files\mcc18\src\traditional\math\fxm3232.c
       FindMatchingSocket   0x001bfe    program     static D:\Work\Singcom\70M\70M_1213\work\Microchip\TCPIP Stack\TCP.c
        FormatNetBIOSName   0x00d4e8    program     extern D:\Work\Singcom\70M\70M_1213\work\Microchip\TCPIP Stack\Helpers.c
      GenerateRandomDWORD   0x00ca30    program     extern D:\Work\Singcom\70M\70M_1213\work\Microchip\TCPIP Stack\Helpers.c
   GetCurrentFromHexValue   0x014bae    program     extern D:\Work\Singcom\70M\70M_1213\work\Drivers\External-Peripherals\devadc.c
           GetDWORDString   0x00af5c    program     extern D:\Work\Singcom\70M\70M_1213\work\App\WebUI\HTTPPrint.c
                GetOneADC   0x0148ce    program     extern D:\Work\Singcom\70M\70M_1213\work\Drivers\MCU-Internal\internalADC.c
             GetOneCHADC0   0x014b08    program     extern D:\Work\Singcom\70M\70M_1213\work\Drivers\External-Peripherals\devadc.c
       GetOneCHADC012Bits   0x014b3e    program     extern D:\Work\Singcom\70M\70M_1213\work\Drivers\External-Peripherals\devadc.c
             GetOneCHADC1   0x014b5c    program     extern D:\Work\Singcom\70M\70M_1213\work\Drivers\External-Peripherals\devadc.c
       GetOneCHADC112Bits   0x014b92    program     extern D:\Work\Singcom\70M\70M_1213\work\Drivers\External-Peripherals\devadc.c
                 GetPower   0x00ae74    program     extern D:\Work\Singcom\70M\70M_1213\work\App\WebUI\HTTPPrint.c
              GetTickCopy   0x01518a    program     static D:\Work\Singcom\70M\70M_1213\work\Microchip\TCPIP Stack\Tick.c
            GetWORDString   0x00aece    program     extern D:\Work\Singcom\70M\70M_1213\work\App\WebUI\HTTPPrint.c
                HEXto2ASC   0x00c2fa    program     extern D:\Work\Singcom\70M\70M_1213\work\SysLib\util.c
            HTTPCheckAuth   0x011412    program     extern D:\Work\Singcom\70M\70M_1213\work\App\WebUI\HTTPApp.c
   HTTPExe_get_deviceinfo   0x0091c2    program     extern D:\Work\Singcom\70M\70M_1213\work\App\WebUI\HTTPGetDevInfo.c
           HTTPExecuteGet   0x01145a    program     extern D:\Work\Singcom\70M\70M_1213\work\App\WebUI\HTTPApp.c
          HTTPExecutePost   0x01145e    program     extern D:\Work\Singcom\70M\70M_1213\work\App\WebUI\HTTPApp.c
               HTTPGetArg   0x0054be    program     extern D:\Work\Singcom\70M\70M_1213\work\Microchip\TCPIP Stack\HTTP2.c
            HTTPGetROMArg   0x005504    program     extern D:\Work\Singcom\70M\70M_1213\work\Microchip\TCPIP Stack\HTTP2.c
  HTTPGet__boDeviceConfig   0x009198    program     static D:\Work\Singcom\70M\70M_1213\work\App\WebUI\HTTPGetDevInfo.c
    HTTPGet__boInfoConfig   0x008414    program     static D:\Work\Singcom\70M\70M_1213\work\App\WebUI\HTTPGetDevInfo.c
 HTTPGet__boNetworkConfig   0x00845a    program     static D:\Work\Singcom\70M\70M_1213\work\App\WebUI\HTTPGetDevInfo.c
      HTTPGet__boSetOnOff   0x0084e8    program     static D:\Work\Singcom\70M\70M_1213\work\App\WebUI\HTTPGetDevInfo.c
   HTTPGet__u8ClearBUCIAm   0x009134    program     static D:\Work\Singcom\70M\70M_1213\work\App\WebUI\HTTPGetDevInfo.c
   HTTPGet__u8ClearLNBIAm   0x009166    program     static D:\Work\Singcom\70M\70M_1213\work\App\WebUI\HTTPGetDevInfo.c
     HTTPGet__u8SetBUCREF   0x00906c    program     static D:\Work\Singcom\70M\70M_1213\work\App\WebUI\HTTPGetDevInfo.c
 HTTPGet__u8SetDownCvtALC   0x008d9c    program     static D:\Work\Singcom\70M\70M_1213\work\App\WebUI\HTTPGetDevInfo.c
HTTPGet__u8SetDownCvtAttn   0x008852    program     static D:\Work\Singcom\70M\70M_1213\work\App\WebUI\HTTPGetDevInfo.c
HTTPGet__u8SetDownCvtMute   0x008ef4    program     static D:\Work\Singcom\70M\70M_1213\work\App\WebUI\HTTPGetDevInfo.c
HTTPGet__u8SetDownCvtPower   0x008b22    program     static D:\Work\Singcom\70M\70M_1213\work\App\WebUI\HTTPGetDevInfo.c
HTTPGet__u8SetDownCvtRFFreq   0x008646    program     static D:\Work\Singcom\70M\70M_1213\work\App\WebUI\HTTPGetDevInfo.c
HTTPGet__u8SetDownCvtSetPower   0x008bf4    program     static D:\Work\Singcom\70M\70M_1213\work\App\WebUI\HTTPGetDevInfo.c
     HTTPGet__u8SetLNBREF   0x0090d2    program     static D:\Work\Singcom\70M\70M_1213\work\App\WebUI\HTTPGetDevInfo.c
   HTTPGet__u8SetUpCvtALC   0x008cfc    program     static D:\Work\Singcom\70M\70M_1213\work\App\WebUI\HTTPGetDevInfo.c
  HTTPGet__u8SetUpCvtAttn   0x00875c    program     static D:\Work\Singcom\70M\70M_1213\work\App\WebUI\HTTPGetDevInfo.c
  HTTPGet__u8SetUpCvtMute   0x008e3e    program     static D:\Work\Singcom\70M\70M_1213\work\App\WebUI\HTTPGetDevInfo.c
 HTTPGet__u8SetUpCvtPower   0x008948    program     static D:\Work\Singcom\70M\70M_1213\work\App\WebUI\HTTPGetDevInfo.c
HTTPGet__u8SetUpCvtRFFreq   0x008530    program     static D:\Work\Singcom\70M\70M_1213\work\App\WebUI\HTTPGetDevInfo.c
HTTPGet__u8SetUpCvtSetPower   0x008a1a    program     static D:\Work\Singcom\70M\70M_1213\work\App\WebUI\HTTPGetDevInfo.c
   HTTPGet__u8SetVOL18VDC   0x008f9e    program     static D:\Work\Singcom\70M\70M_1213\work\App\WebUI\HTTPGetDevInfo.c
   HTTPGet__u8SetVOL24VDC   0x009006    program     static D:\Work\Singcom\70M\70M_1213\work\App\WebUI\HTTPGetDevInfo.c
HTTPHeaderParseAuthorization   0x0051d0    program     static D:\Work\Singcom\70M\70M_1213\work\Microchip\TCPIP Stack\HTTP2.c
HTTPHeaderParseContentLength   0x0052fc    program     static D:\Work\Singcom\70M\70M_1213\work\Microchip\TCPIP Stack\HTTP2.c
    HTTPHeaderParseLookup   0x0051b4    program     static D:\Work\Singcom\70M\70M_1213\work\Microchip\TCPIP Stack\HTTP2.c
              HTTPIncFile   0x0059c2    program     extern D:\Work\Singcom\70M\70M_1213\work\Microchip\TCPIP Stack\HTTP2.c
                 HTTPInit   0x00459e    program     extern D:\Work\Singcom\70M\70M_1213\work\Microchip\TCPIP Stack\HTTP2.c
             HTTPLoadConn   0x004682    program     static D:\Work\Singcom\70M\70M_1213\work\Microchip\TCPIP Stack\HTTP2.c
           HTTPMPFSUpload   0x005792    program     static D:\Work\Singcom\70M\70M_1213\work\Microchip\TCPIP Stack\HTTP2.c
            HTTPNeedsAuth   0x0113d0    program     extern D:\Work\Singcom\70M\70M_1213\work\App\WebUI\HTTPApp.c
           HTTPPostConfig   0x011574    program     static D:\Work\Singcom\70M\70M_1213\work\App\WebUI\HTTPApp.c
              HTTPPostlut   0x0114dc    program     static D:\Work\Singcom\70M\70M_1213\work\App\WebUI\HTTPApp.c
                HTTPPrint   0x003e0a    program     extern D:\Work\Singcom\70M\70M_1213\work\Microchip\Include\TCPIP Stack\HTTPPrint.h
              HTTPPrintIP   0x00ad94    program     extern D:\Work\Singcom\70M\70M_1213\work\App\WebUI\HTTPPrint.c
               HTTPPrint_   0x00458c    program     extern D:\Work\Singcom\70M\70M_1213\work\Microchip\Include\TCPIP Stack\HTTPPrint.h
        HTTPPrint_18Vctrl   0x00b35a    program     extern D:\Work\Singcom\70M\70M_1213\work\App\WebUI\HTTPPrint.c
        HTTPPrint_24Vctrl   0x00b34c    program     extern D:\Work\Singcom\70M\70M_1213\work\App\WebUI\HTTPPrint.c
           HTTPPrint_ALCa   0x00b29a    program     extern D:\Work\Singcom\70M\70M_1213\work\App\WebUI\HTTPPrint.c
   HTTPPrint_ALCaSelected   0x00b38e    program     extern D:\Work\Singcom\70M\70M_1213\work\App\WebUI\HTTPPrint.c
           HTTPPrint_ALCb   0x00b320    program     extern D:\Work\Singcom\70M\70M_1213\work\App\WebUI\HTTPPrint.c
   HTTPPrint_ALCbSelected   0x00b3be    program     extern D:\Work\Singcom\70M\70M_1213\work\App\WebUI\HTTPPrint.c
     HTTPPrint_BUCCurrent   0x00b488    program     extern D:\Work\Singcom\70M\70M_1213\work\App\WebUI\HTTPPrint.c
        HTTPPrint_BUCIAlm   0x00b644    program     extern D:\Work\Singcom\70M\70M_1213\work\App\WebUI\HTTPPrint.c
         HTTPPrint_BUCREF   0x00b44e    program     extern D:\Work\Singcom\70M\70M_1213\work\App\WebUI\HTTPPrint.c
 HTTPPrint_BUCREFSelected   0x00b436    program     extern D:\Work\Singcom\70M\70M_1213\work\App\WebUI\HTTPPrint.c
   HTTPPrint_ClearBUCIAlm   0x00b680    program     extern D:\Work\Singcom\70M\70M_1213\work\App\WebUI\HTTPPrint.c
   HTTPPrint_ClearLNBIAlm   0x00b686    program     extern D:\Work\Singcom\70M\70M_1213\work\App\WebUI\HTTPPrint.c
  HTTPPrint_DC18VSelected   0x00b3ee    program     extern D:\Work\Singcom\70M\70M_1213\work\App\WebUI\HTTPPrint.c
  HTTPPrint_DC24VSelected   0x00b406    program     extern D:\Work\Singcom\70M\70M_1213\work\App\WebUI\HTTPPrint.c
    HTTPPrint_DeviceModel   0x00ad54    program     extern D:\Work\Singcom\70M\70M_1213\work\App\WebUI\HTTPPrint.c
   HTTPPrint_DeviceSerial   0x00ad60    program     extern D:\Work\Singcom\70M\70M_1213\work\App\WebUI\HTTPPrint.c
    HTTPPrint_Devicefwver   0x00ae54    program     extern D:\Work\Singcom\70M\70M_1213\work\App\WebUI\HTTPPrint.c
         HTTPPrint_EXTREF   0x00b46a    program     extern D:\Work\Singcom\70M\70M_1213\work\App\WebUI\HTTPPrint.c
     HTTPPrint_LNBCurrent   0x00b4b2    program     extern D:\Work\Singcom\70M\70M_1213\work\App\WebUI\HTTPPrint.c
        HTTPPrint_LNBIAlm   0x00b662    program     extern D:\Work\Singcom\70M\70M_1213\work\App\WebUI\HTTPPrint.c
         HTTPPrint_LNBREF   0x00b45c    program     extern D:\Work\Singcom\70M\70M_1213\work\App\WebUI\HTTPPrint.c
 HTTPPrint_LNBREFSelected   0x00b41e    program     extern D:\Work\Singcom\70M\70M_1213\work\App\WebUI\HTTPPrint.c
            HTTPPrint_MIP   0x00adf0    program     extern D:\Work\Singcom\70M\70M_1213\work\App\WebUI\HTTPPrint.c
          HTTPPrint_Mutea   0x00b2a8    program     extern D:\Work\Singcom\70M\70M_1213\work\App\WebUI\HTTPPrint.c
  HTTPPrint_MuteaSelected   0x00b3a6    program     extern D:\Work\Singcom\70M\70M_1213\work\App\WebUI\HTTPPrint.c
          HTTPPrint_Muteb   0x00b32e    program     extern D:\Work\Singcom\70M\70M_1213\work\App\WebUI\HTTPPrint.c
  HTTPPrint_MutebSelected   0x00b3d6    program     extern D:\Work\Singcom\70M\70M_1213\work\App\WebUI\HTTPPrint.c
HTTPPrint_config_dhcpchecked   0x00b368    program     extern D:\Work\Singcom\70M\70M_1213\work\App\WebUI\HTTPPrint.c
      HTTPPrint_config_gw   0x00ae40    program     extern D:\Work\Singcom\70M\70M_1213\work\App\WebUI\HTTPPrint.c
      HTTPPrint_config_ip   0x00ae24    program     extern D:\Work\Singcom\70M\70M_1213\work\App\WebUI\HTTPPrint.c
     HTTPPrint_config_mac   0x00b788    program     extern D:\Work\Singcom\70M\70M_1213\work\App\WebUI\HTTPPrint.c
  HTTPPrint_config_subnet   0x00ae2c    program     extern D:\Work\Singcom\70M\70M_1213\work\App\WebUI\HTTPPrint.c
HTTPPrint_converteraalarm   0x00b618    program     extern D:\Work\Singcom\70M\70M_1213\work\App\WebUI\HTTPPrint.c
HTTPPrint_converteraatten   0x00b1c8    program     extern D:\Work\Singcom\70M\70M_1213\work\App\WebUI\HTTPPrint.c
   HTTPPrint_converteralo   0x00b23a    program     extern D:\Work\Singcom\70M\70M_1213\work\App\WebUI\HTTPPrint.c
HTTPPrint_converterarffreq   0x00b158    program     extern D:\Work\Singcom\70M\70M_1213\work\App\WebUI\HTTPPrint.c
HTTPPrint_converterbalarm   0x00b62e    program     extern D:\Work\Singcom\70M\70M_1213\work\App\WebUI\HTTPPrint.c
HTTPPrint_converterbatten   0x00b200    program     extern D:\Work\Singcom\70M\70M_1213\work\App\WebUI\HTTPPrint.c
   HTTPPrint_converterblo   0x00b2c6    program     extern D:\Work\Singcom\70M\70M_1213\work\App\WebUI\HTTPPrint.c
HTTPPrint_converterbrffreq   0x00b190    program     extern D:\Work\Singcom\70M\70M_1213\work\App\WebUI\HTTPPrint.c
    HTTPPrint_dhcp_status   0x00ad6c    program     extern D:\Work\Singcom\70M\70M_1213\work\App\WebUI\HTTPPrint.c
            HTTPPrint_led   0x00b68c    program     extern D:\Work\Singcom\70M\70M_1213\work\App\WebUI\HTTPPrint.c
            HTTPPrint_maf   0x00b754    program     extern D:\Work\Singcom\70M\70M_1213\work\App\WebUI\HTTPPrint.c
            HTTPPrint_mas   0x00b76e    program     extern D:\Work\Singcom\70M\70M_1213\work\App\WebUI\HTTPPrint.c
            HTTPPrint_ned   0x00b6f0    program     extern D:\Work\Singcom\70M\70M_1213\work\App\WebUI\HTTPPrint.c
   HTTPPrint_outputpowera   0x00b25a    program     extern D:\Work\Singcom\70M\70M_1213\work\App\WebUI\HTTPPrint.c
   HTTPPrint_outputpowerb   0x00b2e4    program     extern D:\Work\Singcom\70M\70M_1213\work\App\WebUI\HTTPPrint.c
      HTTPPrint_rdi2cdata   0x00b4dc    program     extern D:\Work\Singcom\70M\70M_1213\work\App\WebUI\HTTPPrint.c
      HTTPPrint_read_comm   0x00b7e4    program     extern D:\Work\Singcom\70M\70M_1213\work\App\WebUI\HTTPPrint.c
        HTTPPrint_setpass   0x00b57c    program     extern D:\Work\Singcom\70M\70M_1213\work\App\WebUI\HTTPPrint.c
   HTTPPrint_setpasscolor   0x00b53c    program     extern D:\Work\Singcom\70M\70M_1213\work\App\WebUI\HTTPPrint.c
      HTTPPrint_setpowera   0x00b27a    program     extern D:\Work\Singcom\70M\70M_1213\work\App\WebUI\HTTPPrint.c
      HTTPPrint_setpowerb   0x00b302    program     extern D:\Work\Singcom\70M\70M_1213\work\App\WebUI\HTTPPrint.c
      HTTPPrint_static_ip   0x00ae04    program     extern D:\Work\Singcom\70M\70M_1213\work\App\WebUI\HTTPPrint.c
         HTTPPrint_swmode   0x00b238    program     extern D:\Work\Singcom\70M\70M_1213\work\App\WebUI\HTTPPrint.c
      HTTPPrint_wri2cdata   0x00b50c    program     extern D:\Work\Singcom\70M\70M_1213\work\App\WebUI\HTTPPrint.c
     HTTPPrint_write_comm   0x00b7e8    program     extern D:\Work\Singcom\70M\70M_1213\work\App\WebUI\HTTPPrint.c
              HTTPProcess   0x0046ca    program     static D:\Work\Singcom\70M\70M_1213\work\Microchip\TCPIP Stack\HTTP2.c
         HTTPReadPostName   0x005566    program     extern D:\Work\Singcom\70M\70M_1213\work\Microchip\TCPIP Stack\HTTP2.c
        HTTPReadPostValue   0x005596    program     extern D:\Work\Singcom\70M\70M_1213\work\Microchip\TCPIP Stack\HTTP2.c
               HTTPReadTo   0x005606    program     static D:\Work\Singcom\70M\70M_1213\work\Microchip\TCPIP Stack\HTTP2.c
       HTTPRequestHeaders   0x01564b    program     static D:\Work\Singcom\70M\70M_1213\work\Microchip\TCPIP Stack\HTTP2.c
      HTTPResponseHeaders   0x015621    program     static D:\Work\Singcom\70M\70M_1213\work\Microchip\TCPIP Stack\HTTP2.c
             HTTPSendFile   0x00503c    program     static D:\Work\Singcom\70M\70M_1213\work\Microchip\TCPIP Stack\HTTP2.c
               HTTPServer   0x004600    program     extern D:\Work\Singcom\70M\70M_1213\work\Microchip\TCPIP Stack\HTTP2.c
            HTTPURLDecode   0x005384    program     extern D:\Work\Singcom\70M\70M_1213\work\Microchip\TCPIP Stack\HTTP2.c
                HTTP_CRLF   0x0155d6    program     static D:\Work\Singcom\70M\70M_1213\work\Microchip\TCPIP Stack\HTTP2.c
   HTTP_vClearWebPassword   0x013ba2    program     static D:\Work\Singcom\70M\70M_1213\work\Main\Main.c
             HandleTCPSeg   0x001f96    program     static D:\Work\Singcom\70M\70M_1213\work\Microchip\TCPIP Stack\TCP.c
                  Hex2Int   0x00c372    program     extern D:\Work\Singcom\70M\70M_1213\work\SysLib\util.c
                  HighISR   0x014dd0    program     extern D:\Work\Singcom\70M\70M_1213\work\Drivers\MCU-Internal\ISR.c
               HighVector   0x000008    program     extern D:\Work\Singcom\70M\70M_1213\work\Drivers\MCU-Internal\ISR.c
                 I2C_Read   0x014408    program     extern D:\Work\Singcom\70M\70M_1213\work\Drivers\MCU-Internal\i2c_c1.c
                 I2C_Send   0x0143dc    program     extern D:\Work\Singcom\70M\70M_1213\work\Drivers\MCU-Internal\i2c_c1.c
              ICMPProcess   0x015030    program     extern D:\Work\Singcom\70M\70M_1213\work\Microchip\TCPIP Stack\ICMP.c
                  INT3216   0x010a46    program     extern C:\Program Files\mcc18\src\traditional\math\castFP16.asm
                  INT3232   0x010aa4    program     extern C:\Program Files\mcc18\src\traditional\math\castFP32.asm
              IPGetHeader   0x013db4    program     extern D:\Work\Singcom\70M\70M_1213\work\Microchip\TCPIP Stack\IP.c
              IPPutHeader   0x013ef0    program     extern D:\Work\Singcom\70M\70M_1213\work\Microchip\TCPIP Stack\IP.c
            IPSetRxBuffer   0x013ff6    program     extern D:\Work\Singcom\70M\70M_1213\work\Microchip\TCPIP Stack\IP.c
            InitAppConfig   0x0134de    program     extern D:\Work\Singcom\70M\70M_1213\work\Bootstrap\Initialization.c
                 InitData   0x01339e    program     extern D:\Work\Singcom\70M\70M_1213\work\Bootstrap\Initialization.c
            InitalizeMenu   0x006288    program     extern D:\Work\Singcom\70M\70M_1213\work\Drivers\External-Peripherals\oled_c2.c
              Initial_LCD   0x010ef6    program     extern D:\Work\Singcom\70M\70M_1213\work\Drivers\External-Peripherals\oled_c1.c
          InitializeBoard   0x013496    program     extern D:\Work\Singcom\70M\70M_1213\work\Bootstrap\Initialization.c
                  Int2Hex   0x00c3b4    program     extern D:\Work\Singcom\70M\70M_1213\work\SysLib\util.c
            KeyProcessing   0x006a6a    program     extern D:\Work\Singcom\70M\70M_1213\work\Drivers\External-Peripherals\oled_c2.c
LCDSub_vLeftMoveCursorAttn   0x006736    program     extern D:\Work\Singcom\70M\70M_1213\work\Drivers\External-Peripherals\oled_c2.c
LCDSub_vLeftMoveCursorFreq   0x00671c    program     extern D:\Work\Singcom\70M\70M_1213\work\Drivers\External-Peripherals\oled_c2.c
 LCDSub_vLeftMoveCursorIP   0x00676a    program     extern D:\Work\Singcom\70M\70M_1213\work\Drivers\External-Peripherals\oled_c2.c
LCDSub_vLeftMoveCursorPower   0x006750    program     extern D:\Work\Singcom\70M\70M_1213\work\Drivers\External-Peripherals\oled_c2.c
LCDSub_vRightMoveCursorAttn   0x00685e    program     extern D:\Work\Singcom\70M\70M_1213\work\Drivers\External-Peripherals\oled_c2.c
LCDSub_vRightMoveCursorFreq   0x006842    program     extern D:\Work\Singcom\70M\70M_1213\work\Drivers\External-Peripherals\oled_c2.c
LCDSub_vRightMoveCursorIP   0x006894    program     extern D:\Work\Singcom\70M\70M_1213\work\Drivers\External-Peripherals\oled_c2.c
LCDSub_vRightMoveCursorPower   0x006878    program     extern D:\Work\Singcom\70M\70M_1213\work\Drivers\External-Peripherals\oled_c2.c
           LCDWriteString   0x010e32    program     extern D:\Work\Singcom\70M\70M_1213\work\Drivers\External-Peripherals\oled_c1.c
LCD__u8CancelKeyExitEditMode   0x006a46    program     static D:\Work\Singcom\70M\70M_1213\work\Drivers\External-Peripherals\oled_c2.c
  LCD__u8CancelKeyProcess   0x006a5a    program     static D:\Work\Singcom\70M\70M_1213\work\Drivers\External-Peripherals\oled_c2.c
LCD__u8CancelKeyToParentMenu   0x006a56    program     static D:\Work\Singcom\70M\70M_1213\work\Drivers\External-Peripherals\oled_c2.c
       LCD__u8DownKeyEdit   0x00660e    program     static D:\Work\Singcom\70M\70M_1213\work\Drivers\External-Peripherals\oled_c2.c
    LCD__u8DownKeyProcess   0x00670e    program     static D:\Work\Singcom\70M\70M_1213\work\Drivers\External-Peripherals\oled_c2.c
LCD__u8DownkeyToChildMenu   0x00670a    program     static D:\Work\Singcom\70M\70M_1213\work\Drivers\External-Peripherals\oled_c2.c
   LCD__u8EnterKeyProcess   0x006a26    program     static D:\Work\Singcom\70M\70M_1213\work\Drivers\External-Peripherals\oled_c2.c
  LCD__u8EnterKeySetValue   0x00696c    program     static D:\Work\Singcom\70M\70M_1213\work\Drivers\External-Peripherals\oled_c2.c
LCD__u8EnterKeyToChildMenu   0x006a04    program     static D:\Work\Singcom\70M\70M_1213\work\Drivers\External-Peripherals\oled_c2.c
LCD__u8EnterKeyToEditMode   0x006a08    program     static D:\Work\Singcom\70M\70M_1213\work\Drivers\External-Peripherals\oled_c2.c
          LCD__u8GetOnOff   0x0063b6    program     extern D:\Work\Singcom\70M\70M_1213\work\Drivers\External-Peripherals\oled_c2.c
 LCD__u8LeftKeyMoveCursor   0x00678a    program     static D:\Work\Singcom\70M\70M_1213\work\Drivers\External-Peripherals\oled_c2.c
    LCD__u8LeftKeyProcess   0x006834    program     static D:\Work\Singcom\70M\70M_1213\work\Drivers\External-Peripherals\oled_c2.c
 LCD__u8LeftKeyToLeftMenu   0x00682a    program     static D:\Work\Singcom\70M\70M_1213\work\Drivers\External-Peripherals\oled_c2.c
LCD__u8RightKeyMoveCursor   0x0068b4    program     static D:\Work\Singcom\70M\70M_1213\work\Drivers\External-Peripherals\oled_c2.c
   LCD__u8RightKeyProcess   0x00695e    program     static D:\Work\Singcom\70M\70M_1213\work\Drivers\External-Peripherals\oled_c2.c
LCD__u8RightKeyToRightMenu   0x006954    program     static D:\Work\Singcom\70M\70M_1213\work\Drivers\External-Peripherals\oled_c2.c
       LCD__u8ToChildMenu   0x0064ea    program     static D:\Work\Singcom\70M\70M_1213\work\Drivers\External-Peripherals\oled_c2.c
      LCD__u8ToParentMenu   0x0064e0    program     static D:\Work\Singcom\70M\70M_1213\work\Drivers\External-Peripherals\oled_c2.c
      LCD__u8UpKeyProcess   0x006600    program     static D:\Work\Singcom\70M\70M_1213\work\Drivers\External-Peripherals\oled_c2.c
    LCD__u8UpdateToModule   0x0063ca    program     extern D:\Work\Singcom\70M\70M_1213\work\Drivers\External-Peripherals\oled_c2.c
         LCD__u8UpkeyEdit   0x0064f4    program     extern D:\Work\Singcom\70M\70M_1213\work\Drivers\External-Peripherals\oled_c2.c
 LCD__u8UpkeyToParentMenu   0x0065fc    program     static D:\Work\Singcom\70M\70M_1213\work\Drivers\External-Peripherals\oled_c2.c
LCD_u8UpdateDisplayContent   0x006438    program     extern D:\Work\Singcom\70M\70M_1213\work\Drivers\External-Peripherals\oled_c2.c
                   LowISR   0x014ce6    program     extern D:\Work\Singcom\70M\70M_1213\work\Drivers\MCU-Internal\ISR.c
                LowVector   0x000018    program     extern D:\Work\Singcom\70M\70M_1213\work\Drivers\MCU-Internal\ISR.c
        MACCalcRxChecksum   0x00f4b6    program     extern D:\Work\Singcom\70M\70M_1213\work\Microchip\TCPIP Stack\ETH97J60.c
             MACDiscardRx   0x00f114    program     extern D:\Work\Singcom\70M\70M_1213\work\Microchip\TCPIP Stack\ETH97J60.c
                 MACFlush   0x00f44a    program     extern D:\Work\Singcom\70M\70M_1213\work\Microchip\TCPIP Stack\ETH97J60.c
                   MACGet   0x00f7cc    program     extern D:\Work\Singcom\70M\70M_1213\work\Microchip\TCPIP Stack\ETH97J60.c
              MACGetArray   0x00f7d0    program     extern D:\Work\Singcom\70M\70M_1213\work\Microchip\TCPIP Stack\ETH97J60.c
         MACGetFreeRxSize   0x00f174    program     extern D:\Work\Singcom\70M\70M_1213\work\Microchip\TCPIP Stack\ETH97J60.c
             MACGetHeader   0x00f23c    program     extern D:\Work\Singcom\70M\70M_1213\work\Microchip\TCPIP Stack\ETH97J60.c
                  MACInit   0x00efc2    program     extern D:\Work\Singcom\70M\70M_1213\work\Microchip\TCPIP Stack\ETH97J60.c
              MACIsLinked   0x00f0d8    program     extern D:\Work\Singcom\70M\70M_1213\work\Microchip\TCPIP Stack\ETH97J60.c
         MACIsMemCopyDone   0x00f7c0    program     extern D:\Work\Singcom\70M\70M_1213\work\Microchip\TCPIP Stack\ETH97J60.c
             MACIsTxReady   0x00f0ec    program     extern D:\Work\Singcom\70M\70M_1213\work\Microchip\TCPIP Stack\ETH97J60.c
          MACMemCopyAsync   0x00f672    program     extern D:\Work\Singcom\70M\70M_1213\work\Microchip\TCPIP Stack\ETH97J60.c
             MACPowerDown   0x00f9b0    program     extern D:\Work\Singcom\70M\70M_1213\work\Microchip\TCPIP Stack\ETH97J60.c
               MACPowerUp   0x00f9c2    program     extern D:\Work\Singcom\70M\70M_1213\work\Microchip\TCPIP Stack\ETH97J60.c
                   MACPut   0x00f82a    program     extern D:\Work\Singcom\70M\70M_1213\work\Microchip\TCPIP Stack\ETH97J60.c
              MACPutArray   0x00f850    program     extern D:\Work\Singcom\70M\70M_1213\work\Microchip\TCPIP Stack\ETH97J60.c
             MACPutHeader   0x00f3e6    program     extern D:\Work\Singcom\70M\70M_1213\work\Microchip\TCPIP Stack\ETH97J60.c
           MACPutROMArray   0x00f8a0    program     extern D:\Work\Singcom\70M\70M_1213\work\Microchip\TCPIP Stack\ETH97J60.c
            MACSetReadPtr   0x00f49e    program     extern D:\Work\Singcom\70M\70M_1213\work\Microchip\TCPIP Stack\ETH97J60.c
        MACSetReadPtrInRx   0x00f472    program     extern D:\Work\Singcom\70M\70M_1213\work\Microchip\TCPIP Stack\ETH97J60.c
           MACSetWritePtr   0x00f48a    program     extern D:\Work\Singcom\70M\70M_1213\work\Microchip\TCPIP Stack\ETH97J60.c
                MPFSClose   0x00a188    program     extern D:\Work\Singcom\70M\70M_1213\work\Microchip\TCPIP Stack\MPFS2.c
               MPFSFormat   0x00a434    program     extern D:\Work\Singcom\70M\70M_1213\work\Microchip\TCPIP Stack\MPFS2.c
                  MPFSGet   0x00a1a0    program     extern D:\Work\Singcom\70M\70M_1213\work\Microchip\TCPIP Stack\MPFS2.c
             MPFSGetArray   0x00a246    program     extern D:\Work\Singcom\70M\70M_1213\work\Microchip\TCPIP Stack\MPFS2.c
          MPFSGetBytesRem   0x00a6a6    program     extern D:\Work\Singcom\70M\70M_1213\work\Microchip\TCPIP Stack\MPFS2.c
           MPFSGetEndAddr   0x00a70c    program     extern D:\Work\Singcom\70M\70M_1213\work\Microchip\TCPIP Stack\MPFS2.c
          MPFSGetFilename   0x00a75a    program     extern D:\Work\Singcom\70M\70M_1213\work\Microchip\TCPIP Stack\MPFS2.c
             MPFSGetFlags   0x00a648    program     extern D:\Work\Singcom\70M\70M_1213\work\Microchip\TCPIP Stack\MPFS2.c
                MPFSGetID   0x00a812    program     extern D:\Work\Singcom\70M\70M_1213\work\Microchip\TCPIP Stack\MPFS2.c
              MPFSGetLong   0x00a2d6    program     extern D:\Work\Singcom\70M\70M_1213\work\Microchip\TCPIP Stack\MPFS2.c
         MPFSGetMicrotime   0x00a616    program     extern D:\Work\Singcom\70M\70M_1213\work\Microchip\TCPIP Stack\MPFS2.c
          MPFSGetPosition   0x00a7e0    program     extern D:\Work\Singcom\70M\70M_1213\work\Microchip\TCPIP Stack\MPFS2.c
              MPFSGetSize   0x00a674    program     extern D:\Work\Singcom\70M\70M_1213\work\Microchip\TCPIP Stack\MPFS2.c
         MPFSGetStartAddr   0x00a6d0    program     extern D:\Work\Singcom\70M\70M_1213\work\Microchip\TCPIP Stack\MPFS2.c
         MPFSGetTimestamp   0x00a5e4    program     extern D:\Work\Singcom\70M\70M_1213\work\Microchip\TCPIP Stack\MPFS2.c
                 MPFSInit   0x009e42    program     extern D:\Work\Singcom\70M\70M_1213\work\Microchip\TCPIP Stack\MPFS2.c
                 MPFSOpen   0x009e78    program     extern D:\Work\Singcom\70M\70M_1213\work\Microchip\TCPIP Stack\MPFS2.c
               MPFSOpenID   0x00a10a    program     extern D:\Work\Singcom\70M\70M_1213\work\Microchip\TCPIP Stack\MPFS2.c
              MPFSOpenROM   0x009fc6    program     extern D:\Work\Singcom\70M\70M_1213\work\Microchip\TCPIP Stack\MPFS2.c
             MPFSPutArray   0x00a4b6    program     extern D:\Work\Singcom\70M\70M_1213\work\Microchip\TCPIP Stack\MPFS2.c
               MPFSPutEnd   0x00a53c    program     extern D:\Work\Singcom\70M\70M_1213\work\Microchip\TCPIP Stack\MPFS2.c
                 MPFSSeek   0x00a316    program     extern D:\Work\Singcom\70M\70M_1213\work\Microchip\TCPIP Stack\MPFS2.c
            Main_vLEDInit   0x01328e    program     extern D:\Work\Singcom\70M\70M_1213\work\Devices\MainControl_c1.c
              Main_vLEDLO   0x013252    program     extern D:\Work\Singcom\70M\70M_1213\work\Devices\MainControl_c1.c
              Main_vLEDRX   0x01327a    program     extern D:\Work\Singcom\70M\70M_1213\work\Devices\MainControl_c1.c
              Main_vLEDTX   0x013266    program     extern D:\Work\Singcom\70M\70M_1213\work\Devices\MainControl_c1.c
    Main_vPrintDeviceInfo   0x0130b8    program     extern D:\Work\Singcom\70M\70M_1213\work\Devices\MainControl_c1.c
 Main_vPrintDownConverter   0x01300e    program     extern D:\Work\Singcom\70M\70M_1213\work\Devices\MainControl_c1.c
            Main_vPrintIP   0x0131a8    program     extern D:\Work\Singcom\70M\70M_1213\work\Devices\MainControl_c1.c
       Main_vPrintModelNo   0x0131c2    program     extern D:\Work\Singcom\70M\70M_1213\work\Devices\MainControl_c1.c
      Main_vPrintSerialNo   0x0131d2    program     extern D:\Work\Singcom\70M\70M_1213\work\Devices\MainControl_c1.c
   Main_vPrintUpConverter   0x012fa8    program     extern D:\Work\Singcom\70M\70M_1213\work\Devices\MainControl_c1.c
       Main_vPrintVolCtrl   0x013074    program     extern D:\Work\Singcom\70M\70M_1213\work\Devices\MainControl_c1.c
              Main_vSetIP   0x0131ec    program     extern D:\Work\Singcom\70M\70M_1213\work\Devices\MainControl_c1.c
    OLED_vEnableInterrupt   0x010d16    program     extern D:\Work\Singcom\70M\70M_1213\work\Drivers\External-Peripherals\oled_c1.c
              OLED_vSetIO   0x010cfe    program     extern D:\Work\Singcom\70M\70M_1213\work\Drivers\External-Peripherals\oled_c1.c
           OLED_vSetKepad   0x010cec    program     extern D:\Work\Singcom\70M\70M_1213\work\Drivers\External-Peripherals\oled_c1.c
                  OpenADC   0x0156c4    program     extern C:\MCC18\src\pmc_common\ADC\adcopen.c
            PrintBlinkLCD   0x0111ec    program     extern D:\Work\Singcom\70M\70M_1213\work\Drivers\External-Peripherals\oled_c1.c
       PrintBlinkMenuText   0x0110a4    program     extern D:\Work\Singcom\70M\70M_1213\work\Drivers\External-Peripherals\oled_c1.c
          PrintCompanyLCD   0x010f16    program     extern D:\Work\Singcom\70M\70M_1213\work\Drivers\External-Peripherals\oled_c1.c
        PrintEditPosition   0x01117a    program     extern D:\Work\Singcom\70M\70M_1213\work\Drivers\External-Peripherals\oled_c1.c
        PrintLCDWholePage   0x010f62    program     extern D:\Work\Singcom\70M\70M_1213\work\Drivers\External-Peripherals\oled_c1.c
            PrintNewValue   0x011150    program     extern D:\Work\Singcom\70M\70M_1213\work\Drivers\External-Peripherals\oled_c1.c
     ROMStringToIPAddress   0x00ce22    program     extern D:\Work\Singcom\70M\70M_1213\work\Microchip\TCPIP Stack\Helpers.c
                 ReadData   0x010dca    program     extern D:\Work\Singcom\70M\70M_1213\work\Drivers\External-Peripherals\oled_c1.c
               ReadPHYReg   0x00f902    program     extern D:\Work\Singcom\70M\70M_1213\work\Microchip\TCPIP Stack\ETH97J60.c
                ReadUSART   0x0152c6    program     extern D:\Work\Singcom\70M\70M_1213\work\Microchip\TCPIP Stack\UART.c
               ReadUSART2   0x0152f0    program     extern D:\Work\Singcom\70M\70M_1213\work\Microchip\TCPIP Stack\UART.c
            ReadWriteSPI2   0x0154e4    program     extern D:\Work\Singcom\70M\70M_1213\work\Drivers\MCU-Internal\devspi.c
                 Read_ADC   0x014704    program     extern D:\Work\Singcom\70M\70M_1213\work\Drivers\MCU-Internal\internalADC.c
                  SPIInit   0x0154cc    program     extern D:\Work\Singcom\70M\70M_1213\work\Drivers\MCU-Internal\devspi.c
          SYS__u8InitData   0x013bf8    program     static D:\Work\Singcom\70M\70M_1213\work\Main\Main.c
SYS__u8UpdateDownConverter   0x0070f6    program     static D:\Work\Singcom\70M\70M_1213\work\Drivers\External-Peripherals\oled_c2.c
          SYS__u8UpdateLO   0x007d32    program     static D:\Work\Singcom\70M\70M_1213\work\Drivers\External-Peripherals\oled_c2.c
 SYS__u8UpdateUpConverter   0x006aa0    program     static D:\Work\Singcom\70M\70M_1213\work\Drivers\External-Peripherals\oled_c2.c
         SYS__u8UpdateVOL   0x007722    program     static D:\Work\Singcom\70M\70M_1213\work\Drivers\External-Peripherals\oled_c2.c
       SYS__vLcdBlinkTask   0x013ad6    program     static D:\Work\Singcom\70M\70M_1213\work\Main\Main.c
      SYS__vLcdKeyPadTask   0x013b3c    program     static D:\Work\Singcom\70M\70M_1213\work\Main\Main.c
         SYS__vStatusTask   0x013a8c    program     static D:\Work\Singcom\70M\70M_1213\work\Main\Main.c
            SaveAppConfig   0x00c54c    program     extern D:\Work\Singcom\70M\70M_1213\work\SysLib\util.c
              SaveSetting   0x00c570    program     extern D:\Work\Singcom\70M\70M_1213\work\SysLib\util.c
                  SendTCP   0x001698    program     static D:\Work\Singcom\70M\70M_1213\work\Microchip\TCPIP Stack\TCP.c
     SerializedMACAddress   0x0158ca    program     static D:\Work\Singcom\70M\70M_1213\work\Bootstrap\Initialization.c
          SetDefaultValue   0x013596    program     extern D:\Work\Singcom\70M\70M_1213\work\Bootstrap\Initialization.c
                   SetI2C   0x01456a    program     extern D:\Work\Singcom\70M\70M_1213\work\Drivers\MCU-Internal\i2c_c1.c
        StackApplications   0x014ae0    program     extern D:\Work\Singcom\70M\70M_1213\work\Microchip\TCPIP Stack\StackTsk.c
                StackInit   0x014924    program     extern D:\Work\Singcom\70M\70M_1213\work\Microchip\TCPIP Stack\StackTsk.c
                StackTask   0x014954    program     extern D:\Work\Singcom\70M\70M_1213\work\Microchip\TCPIP Stack\StackTsk.c
        StringToIPAddress   0x00cd52    program     extern D:\Work\Singcom\70M\70M_1213\work\Microchip\TCPIP Stack\Helpers.c
            SwapARPPacket   0x012a6a    program     extern D:\Work\Singcom\70M\70M_1213\work\Microchip\TCPIP Stack\ARP.c
             SwapIPHeader   0x014024    program     static D:\Work\Singcom\70M\70M_1213\work\Microchip\TCPIP Stack\IP.c
            SwapTCPHeader   0x001e9c    program     static D:\Work\Singcom\70M\70M_1213\work\Microchip\TCPIP Stack\TCP.c
                  SyncTCB   0x000126    program     static D:\Work\Singcom\70M\70M_1213\work\Microchip\TCPIP Stack\TCP.c
              SyncTCBStub   0x0000bc    program     static D:\Work\Singcom\70M\70M_1213\work\Microchip\TCPIP Stack\TCP.c
                  TAGTB32   0x010b12    program     extern C:\Program Files\mcc18\src\traditional\math\gtFP.asm
                  TALTB32   0x010b24    program     extern C:\Program Files\mcc18\src\traditional\math\ltFP.asm
        TCPAdjustFIFOSize   0x002a2c    program     extern D:\Work\Singcom\70M\70M_1213\work\Microchip\TCPIP Stack\TCP.c
                 TCPClose   0x000530    program     extern D:\Work\Singcom\70M\70M_1213\work\Microchip\TCPIP Stack\TCP.c
               TCPDiscard   0x0008d6    program     extern D:\Work\Singcom\70M\70M_1213\work\Microchip\TCPIP Stack\TCP.c
            TCPDisconnect   0x0004b4    program     extern D:\Work\Singcom\70M\70M_1213\work\Microchip\TCPIP Stack\TCP.c
           TCPFindArrayEx   0x000c66    program     extern D:\Work\Singcom\70M\70M_1213\work\Microchip\TCPIP Stack\TCP.c
                TCPFindEx   0x001134    program     extern D:\Work\Singcom\70M\70M_1213\work\Microchip\TCPIP Stack\TCP.c
        TCPFindROMArrayEx   0x000ee4    program     extern D:\Work\Singcom\70M\70M_1213\work\Microchip\TCPIP Stack\TCP.c
                 TCPFlush   0x00057e    program     extern D:\Work\Singcom\70M\70M_1213\work\Microchip\TCPIP Stack\TCP.c
                   TCPGet   0x00093e    program     extern D:\Work\Singcom\70M\70M_1213\work\Microchip\TCPIP Stack\TCP.c
              TCPGetArray   0x0009aa    program     extern D:\Work\Singcom\70M\70M_1213\work\Microchip\TCPIP Stack\TCP.c
         TCPGetRemoteInfo   0x000544    program     extern D:\Work\Singcom\70M\70M_1213\work\Microchip\TCPIP Stack\TCP.c
         TCPGetRxFIFOFree   0x000ae2    program     extern D:\Work\Singcom\70M\70M_1213\work\Microchip\TCPIP Stack\TCP.c
         TCPGetTxFIFOFull   0x0008ae    program     extern D:\Work\Singcom\70M\70M_1213\work\Microchip\TCPIP Stack\TCP.c
                  TCPInit   0x0001a4    program     extern D:\Work\Singcom\70M\70M_1213\work\Microchip\TCPIP Stack\TCP.c
           TCPIsConnected   0x00049e    program     extern D:\Work\Singcom\70M\70M_1213\work\Microchip\TCPIP Stack\TCP.c
            TCPIsGetReady   0x0008f8    program     extern D:\Work\Singcom\70M\70M_1213\work\Microchip\TCPIP Stack\TCP.c
            TCPIsPutReady   0x00059a    program     extern D:\Work\Singcom\70M\70M_1213\work\Microchip\TCPIP Stack\TCP.c
                  TCPOpen   0x000354    program     extern D:\Work\Singcom\70M\70M_1213\work\Microchip\TCPIP Stack\TCP.c
                  TCPPeek   0x000c3a    program     extern D:\Work\Singcom\70M\70M_1213\work\Microchip\TCPIP Stack\TCP.c
             TCPPeekArray   0x000b0a    program     extern D:\Work\Singcom\70M\70M_1213\work\Microchip\TCPIP Stack\TCP.c
               TCPProcess   0x00153e    program     extern D:\Work\Singcom\70M\70M_1213\work\Microchip\TCPIP Stack\TCP.c
                   TCPPut   0x000600    program     extern D:\Work\Singcom\70M\70M_1213\work\Microchip\TCPIP Stack\TCP.c
              TCPPutArray   0x00068e    program     extern D:\Work\Singcom\70M\70M_1213\work\Microchip\TCPIP Stack\TCP.c
           TCPPutROMArray   0x000732    program     extern D:\Work\Singcom\70M\70M_1213\work\Microchip\TCPIP Stack\TCP.c
          TCPPutROMString   0x000844    program     extern D:\Work\Singcom\70M\70M_1213\work\Microchip\TCPIP Stack\TCP.c
             TCPPutString   0x0007e4    program     extern D:\Work\Singcom\70M\70M_1213\work\Microchip\TCPIP Stack\TCP.c
               TCPRAMCopy   0x002be6    program     static D:\Work\Singcom\70M\70M_1213\work\Microchip\TCPIP Stack\TCP.c
            TCPRAMCopyROM   0x002c74    program     static D:\Work\Singcom\70M\70M_1213\work\Microchip\TCPIP Stack\TCP.c
     TCPSocketInitializer   0x0157ca    program     extern D:\Work\Singcom\70M\70M_1213\work\Port\TCPIPConfig.h
                  TCPTick   0x00116a    program     extern D:\Work\Singcom\70M\70M_1213\work\Microchip\TCPIP Stack\TCP.c
              TCPWasReset   0x000488    program     extern D:\Work\Singcom\70M\70M_1213\work\Microchip\TCPIP Stack\TCP.c
               TSIGN1616A   0x01096a    program     static C:\Program Files\mcc18\src\traditional\math\fxm1616s.asm
TickConvertToMilliseconds   0x01520c    program     extern D:\Work\Singcom\70M\70M_1213\work\Microchip\TCPIP Stack\Tick.c
                  TickGet   0x0151b0    program     extern D:\Work\Singcom\70M\70M_1213\work\Microchip\TCPIP Stack\Tick.c
            TickGetDiv256   0x0151c4    program     extern D:\Work\Singcom\70M\70M_1213\work\Microchip\TCPIP Stack\Tick.c
            TickGetDiv64K   0x0151e8    program     extern D:\Work\Singcom\70M\70M_1213\work\Microchip\TCPIP Stack\Tick.c
                 TickInit   0x01517a    program     extern D:\Work\Singcom\70M\70M_1213\work\Microchip\TCPIP Stack\Tick.c
               TickUpdate   0x015242    program     extern D:\Work\Singcom\70M\70M_1213\work\Microchip\TCPIP Stack\Tick.c
                 UART2ISR   0x01582e    program     extern D:\Work\Singcom\70M\70M_1213\work\Microchip\TCPIP Stack\UART2TCPBridge.c
          UpCvt_vPrintALC   0x011b4c    program     extern D:\Work\Singcom\70M\70M_1213\work\Devices\UpConverter_c1.c
         UpCvt_vPrintAttn   0x011b32    program     extern D:\Work\Singcom\70M\70M_1213\work\Devices\UpConverter_c1.c
         UpCvt_vPrintFreq   0x011ab2    program     extern D:\Work\Singcom\70M\70M_1213\work\Devices\UpConverter_c1.c
           UpCvt_vPrintLo   0x011b00    program     extern D:\Work\Singcom\70M\70M_1213\work\Devices\UpConverter_c1.c
         UpCvt_vPrintMute   0x011b66    program     extern D:\Work\Singcom\70M\70M_1213\work\Devices\UpConverter_c1.c
        UpCvt_vPrintPower   0x011acc    program     extern D:\Work\Singcom\70M\70M_1213\work\Devices\UpConverter_c1.c
        UpCvt_vPrintStPwr   0x011ae6    program     extern D:\Work\Singcom\70M\70M_1213\work\Devices\UpConverter_c1.c
           UpCvt_vSendI2C   0x011baa    program     extern D:\Work\Singcom\70M\70M_1213\work\Devices\UpConverter_c1.c
            UpCvt_vSetALC   0x011f26    program     extern D:\Work\Singcom\70M\70M_1213\work\Devices\UpConverter_c1.c
           UpCvt_vSetAttn   0x011cf6    program     extern D:\Work\Singcom\70M\70M_1213\work\Devices\UpConverter_c1.c
           UpCvt_vSetFreq   0x011bba    program     extern D:\Work\Singcom\70M\70M_1213\work\Devices\UpConverter_c1.c
           UpCvt_vSetMute   0x011f6a    program     extern D:\Work\Singcom\70M\70M_1213\work\Devices\UpConverter_c1.c
          UpCvt_vSetPower   0x011de6    program     extern D:\Work\Singcom\70M\70M_1213\work\Devices\UpConverter_c1.c
          UpCvt_vSetStPwr   0x011de8    program     extern D:\Work\Singcom\70M\70M_1213\work\Devices\UpConverter_c1.c
             UpdateStatus   0x007d76    program     extern D:\Work\Singcom\70M\70M_1213\work\Drivers\External-Peripherals\oled_c2.c
         Util_u16ByteSwap   0x00bc32    program     extern D:\Work\Singcom\70M\70M_1213\work\SysLib\util.c
        Util_u16DWORDSwap   0x00bcbe    program     extern D:\Work\Singcom\70M\70M_1213\work\SysLib\util.c
      Util_u8Float2String   0x00c00a    program     extern D:\Work\Singcom\70M\70M_1213\work\SysLib\util.c
      Util_u8String2DWORD   0x00bf72    program     extern D:\Work\Singcom\70M\70M_1213\work\SysLib\util.c
      Util_u8String2Float   0x00c0c4    program     extern D:\Work\Singcom\70M\70M_1213\work\SysLib\util.c
     Util_u8String2NFloat   0x00c196    program     extern D:\Work\Singcom\70M\70M_1213\work\SysLib\util.c
      Util_u8String2int16   0x00bea6    program     extern D:\Work\Singcom\70M\70M_1213\work\SysLib\util.c
     VOLCTRL_vClearBUCAlm   0x013938    program     extern D:\Work\Singcom\70M\70M_1213\work\Devices\VOLDC_c1 .c
     VOLCTRL_vClearLNBAlm   0x013958    program     extern D:\Work\Singcom\70M\70M_1213\work\Devices\VOLDC_c1 .c
        VOLCTRL_vPrint18V   0x013720    program     extern D:\Work\Singcom\70M\70M_1213\work\Devices\VOLDC_c1 .c
        VOLCTRL_vPrint24V   0x01373c    program     extern D:\Work\Singcom\70M\70M_1213\work\Devices\VOLDC_c1 .c
     VOLCTRL_vPrintBUCAlm   0x013832    program     extern D:\Work\Singcom\70M\70M_1213\work\Devices\VOLDC_c1 .c
       VOLCTRL_vPrintBUCI   0x0137ca    program     extern D:\Work\Singcom\70M\70M_1213\work\Devices\VOLDC_c1 .c
     VOLCTRL_vPrintBUCREF   0x013774    program     extern D:\Work\Singcom\70M\70M_1213\work\Devices\VOLDC_c1 .c
     VOLCTRL_vPrintEXTREF   0x013790    program     extern D:\Work\Singcom\70M\70M_1213\work\Devices\VOLDC_c1 .c
     VOLCTRL_vPrintLNBAlm   0x01384e    program     extern D:\Work\Singcom\70M\70M_1213\work\Devices\VOLDC_c1 .c
       VOLCTRL_vPrintLNBI   0x0137fe    program     extern D:\Work\Singcom\70M\70M_1213\work\Devices\VOLDC_c1 .c
     VOLCTRL_vPrintLNBREF   0x013758    program     extern D:\Work\Singcom\70M\70M_1213\work\Devices\VOLDC_c1 .c
         VOLCTRL_vSendI2C   0x01386a    program     extern D:\Work\Singcom\70M\70M_1213\work\Devices\VOLDC_c1 .c
          VOLCTRL_vSet18V   0x013880    program     extern D:\Work\Singcom\70M\70M_1213\work\Devices\VOLDC_c1 .c
          VOLCTRL_vSet24V   0x0138ae    program     extern D:\Work\Singcom\70M\70M_1213\work\Devices\VOLDC_c1 .c
       VOLCTRL_vSetBUCREF   0x01390a    program     extern D:\Work\Singcom\70M\70M_1213\work\Devices\VOLDC_c1 .c
       VOLCTRL_vSetLNBREF   0x0138dc    program     extern D:\Work\Singcom\70M\70M_1213\work\Devices\VOLDC_c1 .c
                WriteData   0x010d98    program     extern D:\Work\Singcom\70M\70M_1213\work\Drivers\External-Peripherals\oled_c1.c
                 WriteIns   0x010d6a    program     extern D:\Work\Singcom\70M\70M_1213\work\Drivers\External-Peripherals\oled_c1.c
              WritePHYReg   0x00f960    program     extern D:\Work\Singcom\70M\70M_1213\work\Microchip\TCPIP Stack\ETH97J60.c
              WriteString   0x010e02    program     extern D:\Work\Singcom\70M\70M_1213\work\Drivers\External-Peripherals\oled_c1.c
               WriteUSART   0x0152ca    program     extern D:\Work\Singcom\70M\70M_1213\work\Microchip\TCPIP Stack\UART.c
              WriteUSART2   0x01531e    program     extern D:\Work\Singcom\70M\70M_1213\work\Microchip\TCPIP Stack\UART.c
             XEEBeginRead   0x0140f8    program     extern D:\Work\Singcom\70M\70M_1213\work\Microchip\TCPIP Stack\SPIEEPROM.c
            XEEBeginWrite   0x0141f0    program     extern D:\Work\Singcom\70M\70M_1213\work\Microchip\TCPIP Stack\SPIEEPROM.c
               XEEEndRead   0x01415a    program     extern D:\Work\Singcom\70M\70M_1213\work\Microchip\TCPIP Stack\SPIEEPROM.c
              XEEEndWrite   0x014264    program     extern D:\Work\Singcom\70M\70M_1213\work\Microchip\TCPIP Stack\SPIEEPROM.c
                  XEEInit   0x0140e2    program     extern D:\Work\Singcom\70M\70M_1213\work\Microchip\TCPIP Stack\SPIEEPROM.c
                XEEIsBusy   0x014316    program     extern D:\Work\Singcom\70M\70M_1213\work\Microchip\TCPIP Stack\SPIEEPROM.c
                  XEERead   0x014104    program     extern D:\Work\Singcom\70M\70M_1213\work\Microchip\TCPIP Stack\SPIEEPROM.c
             XEEReadArray   0x01415c    program     extern D:\Work\Singcom\70M\70M_1213\work\Microchip\TCPIP Stack\SPIEEPROM.c
                 XEEWrite   0x0141fc    program     extern D:\Work\Singcom\70M\70M_1213\work\Microchip\TCPIP Stack\SPIEEPROM.c
            XEEWriteArray   0x01422a    program     extern D:\Work\Singcom\70M\70M_1213\work\Microchip\TCPIP Stack\SPIEEPROM.c
                  _14jEnd   0x014fbc    program     static C:\Program Files\mcc18\src\traditional\stdclib\atol.asm
              _2jContinue   0x012b54    program     static C:\Program Files\mcc18\src\traditional\stdclib\memchr.asm
              _2jContinue   0x012c72    program     static C:\Program Files\mcc18\src\traditional\stdclib\memset.asm
                   _2jEnd   0x012e5e    program     static C:\Program Files\mcc18\src\traditional\stdclib\slenpgm.asm
              _3jContinue   0x012f64    program     static C:\Program Files\mcc18\src\traditional\stdclib\sncpyp2r.asm
              _3jContinue   0x012ba2    program     static C:\Program Files\mcc18\src\traditional\stdclib\mcmpp2r.asm
              _3jContinue   0x012c3e    program     static C:\Program Files\mcc18\src\traditional\stdclib\mcpyp2r.asm
                   _3jEnd   0x012b5e    program     static C:\Program Files\mcc18\src\traditional\stdclib\memchr.asm
                   _3jEnd   0x012c7c    program     static C:\Program Files\mcc18\src\traditional\stdclib\memset.asm
              _4jContinue   0x012f0a    program     static C:\Program Files\mcc18\src\traditional\stdclib\strncpy.asm
              _4jContinue   0x012bea    program     static C:\Program Files\mcc18\src\traditional\stdclib\memcpy.asm
              _4jContinue   0x012eae    program     static C:\Program Files\mcc18\src\traditional\stdclib\strncat.asm
                   _4jEnd   0x012c48    program     static C:\Program Files\mcc18\src\traditional\stdclib\mcpyp2r.asm
                   _4jEnd   0x012bac    program     static C:\Program Files\mcc18\src\traditional\stdclib\mcmpp2r.asm
                   _4jEnd   0x012f6e    program     static C:\Program Files\mcc18\src\traditional\stdclib\sncpyp2r.asm
                   _5jEnd   0x012eb8    program     static C:\Program Files\mcc18\src\traditional\stdclib\strncat.asm
                   _5jEnd   0x012bf4    program     static C:\Program Files\mcc18\src\traditional\stdclib\memcpy.asm
                   _5jEnd   0x012f14    program     static C:\Program Files\mcc18\src\traditional\stdclib\strncpy.asm
        _D10TCYXCODE_000A   0x01588e    program     static C:\Program Files\mcc18\src\traditional\delays\d10tcyx.asm
        _D10TCYXCODE_000C   0x015890    program     static C:\Program Files\mcc18\src\traditional\delays\d10tcyx.asm
        _D10TCYXCODE_000E   0x015892    program     static C:\Program Files\mcc18\src\traditional\delays\d10tcyx.asm
        _D1KTCYXCODE_0010   0x01581e    program     static C:\Program Files\mcc18\src\traditional\delays\d1ktcyx.asm
        _D1KTCYXCODE_0016   0x015824    program     static C:\Program Files\mcc18\src\traditional\delays\d1ktcyx.asm
           _LoadFATRecord   0x00a558    program     static D:\Work\Singcom\70M\70M_1213\work\Microchip\TCPIP Stack\MPFS2.c
                _Validate   0x00a824    program     static D:\Work\Singcom\70M\70M_1213\work\Microchip\TCPIP Stack\MPFS2.c
              __FpCompare   0x010b36    program     extern C:\Program Files\mcc18\src\traditional\math\compFP.asm
                 __FpExit   0x010bec    program     extern C:\Program Files\mcc18\src\traditional\math\packFP.asm
[...]
                TRISCbits   0x000f94       data     extern C:\MCC18\src\traditional\proc\p18F97J60.asm
                TRISDbits   0x000f95       data     extern C:\MCC18\src\traditional\proc\p18F97J60.asm
                    TRISD   0x000f95       data     extern C:\MCC18\src\traditional\proc\p18F97J60.asm
                 DDRDbits   0x000f95       data     extern C:\MCC18\src\traditional\proc\p18F97J60.asm
                     DDRD   0x000f95       data     extern C:\MCC18\src\traditional\proc\p18F97J60.asm
                 DDREbits   0x000f96       data     extern C:\MCC18\src\traditional\proc\p18F97J60.asm
                     DDRE   0x000f96       data     extern C:\MCC18\src\traditional\proc\p18F97J60.asm
                TRISEbits   0x000f96       data     extern C:\MCC18\src\traditional\proc\p18F97J60.asm
                    TRISE   0x000f96       data     extern C:\MCC18\src\traditional\proc\p18F97J60.asm
                 DDRFbits   0x000f97       data     extern C:\MCC18\src\traditional\proc\p18F97J60.asm
                TRISFbits   0x000f97       data     extern C:\MCC18\src\traditional\proc\p18F97J60.asm
                    TRISF   0x000f97       data     extern C:\MCC18\src\traditional\proc\p18F97J60.asm
                     DDRF   0x000f97       data     extern C:\MCC18\src\traditional\proc\p18F97J60.asm
                    TRISG   0x000f98       data     extern C:\MCC18\src\traditional\proc\p18F97J60.asm
                TRISGbits   0x000f98       data     extern C:\MCC18\src\traditional\proc\p18F97J60.asm
                 DDRGbits   0x000f98       data     extern C:\MCC18\src\traditional\proc\p18F97J60.asm
                     DDRG   0x000f98       data     extern C:\MCC18\src\traditional\proc\p18F97J60.asm
                    TRISH   0x000f99       data     extern C:\MCC18\src\traditional\proc\p18F97J60.asm
                TRISHbits   0x000f99       data     extern C:\MCC18\src\traditional\proc\p18F97J60.asm
                 DDRHbits   0x000f99       data     extern C:\MCC18\src\traditional\proc\p18F97J60.asm
                     DDRH   0x000f99       data     extern C:\MCC18\src\traditional\proc\p18F97J60.asm
                     DDRJ   0x000f9a       data     extern C:\MCC18\src\traditional\proc\p18F97J60.asm
                 DDRJbits   0x000f9a       data     extern C:\MCC18\src\traditional\proc\p18F97J60.asm
                TRISJbits   0x000f9a       data     extern C:\MCC18\src\traditional\proc\p18F97J60.asm
                    TRISJ   0x000f9a       data     extern C:\MCC18\src\traditional\proc\p18F97J60.asm
                  OSCTUNE   0x000f9b       data     extern C:\MCC18\src\traditional\proc\p18F97J60.asm
              OSCTUNEbits   0x000f9b       data     extern C:\MCC18\src\traditional\proc\p18F97J60.asm
                   MEMCON   0x000f9c       data     extern C:\MCC18\src\traditional\proc\p18F97J60.asm
               MEMCONbits   0x000f9c       data     extern C:\MCC18\src\traditional\proc\p18F97J60.asm
                 PIE1bits   0x000f9d       data     extern C:\MCC18\src\traditional\proc\p18F97J60.asm
                     PIE1   0x000f9d       data     extern C:\MCC18\src\traditional\proc\p18F97J60.asm
                 PIR1bits   0x000f9e       data     extern C:\MCC18\src\traditional\proc\p18F97J60.asm
                     PIR1   0x000f9e       data     extern C:\MCC18\src\traditional\proc\p18F97J60.asm
                     IPR1   0x000f9f       data     extern C:\MCC18\src\traditional\proc\p18F97J60.asm
                 IPR1bits   0x000f9f       data     extern C:\MCC18\src\traditional\proc\p18F97J60.asm
                 PIE2bits   0x000fa0       data     extern C:\MCC18\src\traditional\proc\p18F97J60.asm
                     PIE2   0x000fa0       data     extern C:\MCC18\src\traditional\proc\p18F97J60.asm
                     PIR2   0x000fa1       data     extern C:\MCC18\src\traditional\proc\p18F97J60.asm
                 PIR2bits   0x000fa1       data     extern C:\MCC18\src\traditional\proc\p18F97J60.asm
                 IPR2bits   0x000fa2       data     extern C:\MCC18\src\traditional\proc\p18F97J60.asm
                     IPR2   0x000fa2       data     extern C:\MCC18\src\traditional\proc\p18F97J60.asm
                     PIE3   0x000fa3       data     extern C:\MCC18\src\traditional\proc\p18F97J60.asm
                 PIE3bits   0x000fa3       data     extern C:\MCC18\src\traditional\proc\p18F97J60.asm
                 PIR3bits   0x000fa4       data     extern C:\MCC18\src\traditional\proc\p18F97J60.asm
                     PIR3   0x000fa4       data     extern C:\MCC18\src\traditional\proc\p18F97J60.asm
                     IPR3   0x000fa5       data     extern C:\MCC18\src\traditional\proc\p18F97J60.asm
                 IPR3bits   0x000fa5       data     extern C:\MCC18\src\traditional\proc\p18F97J60.asm
                   EECON1   0x000fa6       data     extern C:\MCC18\src\traditional\proc\p18F97J60.asm
               EECON1bits   0x000fa6       data     extern C:\MCC18\src\traditional\proc\p18F97J60.asm
                   EECON2   0x000fa7       data     extern C:\MCC18\src\traditional\proc\p18F97J60.asm
                    RCSTA   0x000fab       data     extern C:\MCC18\src\traditional\proc\p18F97J60.asm
                   RCSTA1   0x000fab       data     extern C:\MCC18\src\traditional\proc\p18F97J60.asm
               RCSTA1bits   0x000fab       data     extern C:\MCC18\src\traditional\proc\p18F97J60.asm
                RCSTAbits   0x000fab       data     extern C:\MCC18\src\traditional\proc\p18F97J60.asm
                    TXSTA   0x000fac       data     extern C:\MCC18\src\traditional\proc\p18F97J60.asm
                   TXSTA1   0x000fac       data     extern C:\MCC18\src\traditional\proc\p18F97J60.asm
               TXSTA1bits   0x000fac       data     extern C:\MCC18\src\traditional\proc\p18F97J60.asm
                TXSTAbits   0x000fac       data     extern C:\MCC18\src\traditional\proc\p18F97J60.asm
                   TXREG1   0x000fad       data     extern C:\MCC18\src\traditional\proc\p18F97J60.asm
                    TXREG   0x000fad       data     extern C:\MCC18\src\traditional\proc\p18F97J60.asm
                    RCREG   0x000fae       data     extern C:\MCC18\src\traditional\proc\p18F97J60.asm
                   RCREG1   0x000fae       data     extern C:\MCC18\src\traditional\proc\p18F97J60.asm
                   SPBRG1   0x000faf       data     extern C:\MCC18\src\traditional\proc\p18F97J60.asm
                    SPBRG   0x000faf       data     extern C:\MCC18\src\traditional\proc\p18F97J60.asm
               PSPCONbits   0x000fb0       data     extern C:\MCC18\src\traditional\proc\p18F97J60.asm
                   PSPCON   0x000fb0       data     extern C:\MCC18\src\traditional\proc\p18F97J60.asm
                T3CONbits   0x000fb1       data     extern C:\MCC18\src\traditional\proc\p18F97J60.asm
                    T3CON   0x000fb1       data     extern C:\MCC18\src\traditional\proc\p18F97J60.asm
                    TMR3L   0x000fb2       data     extern C:\MCC18\src\traditional\proc\p18F97J60.asm
                    TMR3H   0x000fb3       data     extern C:\MCC18\src\traditional\proc\p18F97J60.asm
                    CMCON   0x000fb4       data     extern C:\MCC18\src\traditional\proc\p18F97J60.asm
                CMCONbits   0x000fb4       data     extern C:\MCC18\src\traditional\proc\p18F97J60.asm
               CVRCONbits   0x000fb5       data     extern C:\MCC18\src\traditional\proc\p18F97J60.asm
                   CVRCON   0x000fb5       data     extern C:\MCC18\src\traditional\proc\p18F97J60.asm
              ECCP1ASbits   0x000fb6       data     extern C:\MCC18\src\traditional\proc\p18F97J60.asm
                  ECCP1AS   0x000fb6       data     extern C:\MCC18\src\traditional\proc\p18F97J60.asm
             ECCP3CONbits   0x000fb7       data     extern C:\MCC18\src\traditional\proc\p18F97J60.asm
                 ECCP3CON   0x000fb7       data     extern C:\MCC18\src\traditional\proc\p18F97J60.asm
              CCP3CONbits   0x000fb7       data     extern C:\MCC18\src\traditional\proc\p18F97J60.asm
                  CCP3CON   0x000fb7       data     extern C:\MCC18\src\traditional\proc\p18F97J60.asm
                    CCPR3   0x000fb8       data     extern C:\MCC18\src\traditional\proc\p18F97J60.asm
                   CCPR3L   0x000fb8       data     extern C:\MCC18\src\traditional\proc\p18F97J60.asm
                   CCPR3H   0x000fb9       data     extern C:\MCC18\src\traditional\proc\p18F97J60.asm
             ECCP2CONbits   0x000fba       data     extern C:\MCC18\src\traditional\proc\p18F97J60.asm
                 ECCP2CON   0x000fba       data     extern C:\MCC18\src\traditional\proc\p18F97J60.asm
                  CCP2CON   0x000fba       data     extern C:\MCC18\src\traditional\proc\p18F97J60.asm
              CCP2CONbits   0x000fba       data     extern C:\MCC18\src\traditional\proc\p18F97J60.asm
                   CCPR2L   0x000fbb       data     extern C:\MCC18\src\traditional\proc\p18F97J60.asm
                    CCPR2   0x000fbb       data     extern C:\MCC18\src\traditional\proc\p18F97J60.asm
                   CCPR2H   0x000fbc       data     extern C:\MCC18\src\traditional\proc\p18F97J60.asm
                 ECCP1CON   0x000fbd       data     extern C:\MCC18\src\traditional\proc\p18F97J60.asm
             ECCP1CONbits   0x000fbd       data     extern C:\MCC18\src\traditional\proc\p18F97J60.asm
              CCP1CONbits   0x000fbd       data     extern C:\MCC18\src\traditional\proc\p18F97J60.asm
                  CCP1CON   0x000fbd       data     extern C:\MCC18\src\traditional\proc\p18F97J60.asm
                    CCPR1   0x000fbe       data     extern C:\MCC18\src\traditional\proc\p18F97J60.asm
                   CCPR1L   0x000fbe       data     extern C:\MCC18\src\traditional\proc\p18F97J60.asm
                   CCPR1H   0x000fbf       data     extern C:\MCC18\src\traditional\proc\p18F97J60.asm
               ADCON2bits   0x000fc0       data     extern C:\MCC18\src\traditional\proc\p18F97J60.asm
                   ADCON2   0x000fc0       data     extern C:\MCC18\src\traditional\proc\p18F97J60.asm
               ADCON1bits   0x000fc1       data     extern C:\MCC18\src\traditional\proc\p18F97J60.asm
                   ADCON1   0x000fc1       data     extern C:\MCC18\src\traditional\proc\p18F97J60.asm
                   ADCON0   0x000fc2       data     extern C:\MCC18\src\traditional\proc\p18F97J60.asm
               ADCON0bits   0x000fc2       data     extern C:\MCC18\src\traditional\proc\p18F97J60.asm
                   ADRESL   0x000fc3       data     extern C:\MCC18\src\traditional\proc\p18F97J60.asm
                    ADRES   0x000fc3       data     extern C:\MCC18\src\traditional\proc\p18F97J60.asm
                   ADRESH   0x000fc4       data     extern C:\MCC18\src\traditional\proc\p18F97J60.asm
                 SSP1CON2   0x000fc5       data     extern C:\MCC18\src\traditional\proc\p18F97J60.asm
              SSPCON2bits   0x000fc5       data     extern C:\MCC18\src\traditional\proc\p18F97J60.asm
             SSP1CON2bits   0x000fc5       data     extern C:\MCC18\src\traditional\proc\p18F97J60.asm
                  SSPCON2   0x000fc5       data     extern C:\MCC18\src\traditional\proc\p18F97J60.asm
                 SSP1CON1   0x000fc6       data     extern C:\MCC18\src\traditional\proc\p18F97J60.asm
             SSP1CON1bits   0x000fc6       data     extern C:\MCC18\src\traditional\proc\p18F97J60.asm
                  SSPCON1   0x000fc6       data     extern C:\MCC18\src\traditional\proc\p18F97J60.asm
              SSPCON1bits   0x000fc6       data     extern C:\MCC18\src\traditional\proc\p18F97J60.asm
             SSP1STATbits   0x000fc7       data     extern C:\MCC18\src\traditional\proc\p18F97J60.asm
                 SSP1STAT   0x000fc7       data     extern C:\MCC18\src\traditional\proc\p18F97J60.asm
              SSPSTATbits   0x000fc7       data     extern C:\MCC18\src\traditional\proc\p18F97J60.asm
                  SSPSTAT   0x000fc7       data     extern C:\MCC18\src\traditional\proc\p18F97J60.asm
                  SSP1ADD   0x000fc8       data     extern C:\MCC18\src\traditional\proc\p18F97J60.asm
                   SSPADD   0x000fc8       data     extern C:\MCC18\src\traditional\proc\p18F97J60.asm
                  SSP1BUF   0x000fc9       data     extern C:\MCC18\src\traditional\proc\p18F97J60.asm
                   SSPBUF   0x000fc9       data     extern C:\MCC18\src\traditional\proc\p18F97J60.asm
                T2CONbits   0x000fca       data     extern C:\MCC18\src\traditional\proc\p18F97J60.asm
                    T2CON   0x000fca       data     extern C:\MCC18\src\traditional\proc\p18F97J60.asm
                      PR2   0x000fcb       data     extern C:\MCC18\src\traditional\proc\p18F97J60.asm
                     TMR2   0x000fcc       data     extern C:\MCC18\src\traditional\proc\p18F97J60.asm
                T1CONbits   0x000fcd       data     extern C:\MCC18\src\traditional\proc\p18F97J60.asm
                    T1CON   0x000fcd       data     extern C:\MCC18\src\traditional\proc\p18F97J60.asm
                    TMR1L   0x000fce       data     extern C:\MCC18\src\traditional\proc\p18F97J60.asm
                    TMR1H   0x000fcf       data     extern C:\MCC18\src\traditional\proc\p18F97J60.asm
                 RCONbits   0x000fd0       data     extern C:\MCC18\src\traditional\proc\p18F97J60.asm
                     RCON   0x000fd0       data     extern C:\MCC18\src\traditional\proc\p18F97J60.asm
                   WDTCON   0x000fd1       data     extern C:\MCC18\src\traditional\proc\p18F97J60.asm
               WDTCONbits   0x000fd1       data     extern C:\MCC18\src\traditional\proc\p18F97J60.asm
                ECON1bits   0x000fd2       data     extern C:\MCC18\src\traditional\proc\p18F97J60.asm
                    ECON1   0x000fd2       data     extern C:\MCC18\src\traditional\proc\p18F97J60.asm
                   OSCCON   0x000fd3       data     extern C:\MCC18\src\traditional\proc\p18F97J60.asm
               OSCCONbits   0x000fd3       data     extern C:\MCC18\src\traditional\proc\p18F97J60.asm
                    T0CON   0x000fd5       data     extern C:\MCC18\src\traditional\proc\p18F97J60.asm
                T0CONbits   0x000fd5       data     extern C:\MCC18\src\traditional\proc\p18F97J60.asm
                    TMR0L   0x000fd6       data     extern C:\MCC18\src\traditional\proc\p18F97J60.asm
                    TMR0H   0x000fd7       data     extern C:\MCC18\src\traditional\proc\p18F97J60.asm
                   STATUS   0x000fd8       data     extern C:\MCC18\src\traditional\proc\p18F97J60.asm
               STATUSbits   0x000fd8       data     extern C:\MCC18\src\traditional\proc\p18F97J60.asm
                    FSR2L   0x000fd9       data     extern C:\MCC18\src\traditional\proc\p18F97J60.asm
                     FSR2   0x000fd9       data     extern C:\MCC18\src\traditional\proc\p18F97J60.asm
                    FSR2H   0x000fda       data     extern C:\MCC18\src\traditional\proc\p18F97J60.asm
                   PLUSW2   0x000fdb       data     extern C:\MCC18\src\traditional\proc\p18F97J60.asm
                  PREINC2   0x000fdc       data     extern C:\MCC18\src\traditional\proc\p18F97J60.asm
                 POSTDEC2   0x000fdd       data     extern C:\MCC18\src\traditional\proc\p18F97J60.asm
                 POSTINC2   0x000fde       data     extern C:\MCC18\src\traditional\proc\p18F97J60.asm
                    INDF2   0x000fdf       data     extern C:\MCC18\src\traditional\proc\p18F97J60.asm
                      BSR   0x000fe0       data     extern C:\MCC18\src\traditional\proc\p18F97J60.asm
                     FSR1   0x000fe1       data     extern C:\MCC18\src\traditional\proc\p18F97J60.asm
                    FSR1L   0x000fe1       data     extern C:\MCC18\src\traditional\proc\p18F97J60.asm
                    FSR1H   0x000fe2       data     extern C:\MCC18\src\traditional\proc\p18F97J60.asm
                   PLUSW1   0x000fe3       data     extern C:\MCC18\src\traditional\proc\p18F97J60.asm
                  PREINC1   0x000fe4       data     extern C:\MCC18\src\traditional\proc\p18F97J60.asm
                 POSTDEC1   0x000fe5       data     extern C:\MCC18\src\traditional\proc\p18F97J60.asm
                 POSTINC1   0x000fe6       data     extern C:\MCC18\src\traditional\proc\p18F97J60.asm
                    INDF1   0x000fe7       data     extern C:\MCC18\src\traditional\proc\p18F97J60.asm
                     WREG   0x000fe8       data     extern C:\MCC18\src\traditional\proc\p18F97J60.asm
                    FSR0L   0x000fe9       data     extern C:\MCC18\src\traditional\proc\p18F97J60.asm
                     FSR0   0x000fe9       data     extern C:\MCC18\src\traditional\proc\p18F97J60.asm
                    FSR0H   0x000fea       data     extern C:\MCC18\src\traditional\proc\p18F97J60.asm
                   PLUSW0   0x000feb       data     extern C:\MCC18\src\traditional\proc\p18F97J60.asm
                  PREINC0   0x000fec       data     extern C:\MCC18\src\traditional\proc\p18F97J60.asm
                 POSTDEC0   0x000fed       data     extern C:\MCC18\src\traditional\proc\p18F97J60.asm
                 POSTINC0   0x000fee       data     extern C:\MCC18\src\traditional\proc\p18F97J60.asm
                    INDF0   0x000fef       data     extern C:\MCC18\src\traditional\proc\p18F97J60.asm
              INTCON3bits   0x000ff0       data     extern C:\MCC18\src\traditional\proc\p18F97J60.asm
                  INTCON3   0x000ff0       data     extern C:\MCC18\src\traditional\proc\p18F97J60.asm
              INTCON2bits   0x000ff1       data     extern C:\MCC18\src\traditional\proc\p18F97J60.asm
                  INTCON2   0x000ff1       data     extern C:\MCC18\src\traditional\proc\p18F97J60.asm
               INTCONbits   0x000ff2       data     extern C:\MCC18\src\traditional\proc\p18F97J60.asm
                   INTCON   0x000ff2       data     extern C:\MCC18\src\traditional\proc\p18F97J60.asm
                     PROD   0x000ff3       data     extern C:\MCC18\src\traditional\proc\p18F97J60.asm
                    PRODL   0x000ff3       data     extern C:\MCC18\src\traditional\proc\p18F97J60.asm
                    PRODH   0x000ff4       data     extern C:\MCC18\src\traditional\proc\p18F97J60.asm
                   TABLAT   0x000ff5       data     extern C:\MCC18\src\traditional\proc\p18F97J60.asm
                   TBLPTR   0x000ff6       data     extern C:\MCC18\src\traditional\proc\p18F97J60.asm
                  TBLPTRL   0x000ff6       data     extern C:\MCC18\src\traditional\proc\p18F97J60.asm
                  TBLPTRH   0x000ff7       data     extern C:\MCC18\src\traditional\proc\p18F97J60.asm
                  TBLPTRU   0x000ff8       data     extern C:\MCC18\src\traditional\proc\p18F97J60.asm
                      PCL   0x000ff9       data     extern C:\MCC18\src\traditional\proc\p18F97J60.asm
                       PC   0x000ff9       data     extern C:\MCC18\src\traditional\proc\p18F97J60.asm
                   PCLATH   0x000ffa       data     extern C:\MCC18\src\traditional\proc\p18F97J60.asm
                   PCLATU   0x000ffb       data     extern C:\MCC18\src\traditional\proc\p18F97J60.asm
               STKPTRbits   0x000ffc       data     extern C:\MCC18\src\traditional\proc\p18F97J60.asm
                   STKPTR   0x000ffc       data     extern C:\MCC18\src\traditional\proc\p18F97J60.asm
                     TOSL   0x000ffd       data     extern C:\MCC18\src\traditional\proc\p18F97J60.asm
                      TOS   0x000ffd       data     extern C:\MCC18\src\traditional\proc\p18F97J60.asm
                     TOSH   0x000ffe       data     extern C:\MCC18\src\traditional\proc\p18F97J60.asm
                     TOSU   0x000fff       data     extern C:\MCC18\src\traditional\proc\p18F97J60.asm


